Archive member included to satisfy reference by file (symbol)

c:/program files (x86)/gnu tools arm embedded/7 2018-q2-update/bin/../lib/gcc/arm-none-eabi/7.3.1/thumb/v7-ar\libgcc.a(_udivsi3.o)
                              output_Core_0\main.c.o (__aeabi_uidiv)
c:/program files (x86)/gnu tools arm embedded/7 2018-q2-update/bin/../lib/gcc/arm-none-eabi/7.3.1/thumb/v7-ar\libgcc.a(_divsi3.o)
                              output_Core_0\main.c.o (__aeabi_idiv)
c:/program files (x86)/gnu tools arm embedded/7 2018-q2-update/bin/../lib/gcc/arm-none-eabi/7.3.1/thumb/v7-ar\libgcc.a(_dvmd_tls.o)
                              c:/program files (x86)/gnu tools arm embedded/7 2018-q2-update/bin/../lib/gcc/arm-none-eabi/7.3.1/thumb/v7-ar\libgcc.a(_udivsi3.o) (__aeabi_idiv0)
c:/program files (x86)/gnu tools arm embedded/7 2018-q2-update/bin/../lib/gcc/arm-none-eabi/7.3.1/../../../../arm-none-eabi/lib/thumb/v7-ar\libc.a(lib_a-memset.o)
                              output_Core_0\GraphicsInit.c.o (memset)
c:/program files (x86)/gnu tools arm embedded/7 2018-q2-update/bin/../lib/gcc/arm-none-eabi/7.3.1/../../../../arm-none-eabi/lib/thumb/v7-ar\libc.a(lib_a-sscanf.o)
                              output_Core_0\Utility.c.o (sscanf)
c:/program files (x86)/gnu tools arm embedded/7 2018-q2-update/bin/../lib/gcc/arm-none-eabi/7.3.1/../../../../arm-none-eabi/lib/thumb/v7-ar\libc.a(lib_a-stdio.o)
                              c:/program files (x86)/gnu tools arm embedded/7 2018-q2-update/bin/../lib/gcc/arm-none-eabi/7.3.1/../../../../arm-none-eabi/lib/thumb/v7-ar\libc.a(lib_a-sscanf.o) (__seofread)
c:/program files (x86)/gnu tools arm embedded/7 2018-q2-update/bin/../lib/gcc/arm-none-eabi/7.3.1/../../../../arm-none-eabi/lib/thumb/v7-ar\libc.a(lib_a-svfscanf.o)
                              c:/program files (x86)/gnu tools arm embedded/7 2018-q2-update/bin/../lib/gcc/arm-none-eabi/7.3.1/../../../../arm-none-eabi/lib/thumb/v7-ar\libc.a(lib_a-sscanf.o) (__ssvfscanf_r)
c:/program files (x86)/gnu tools arm embedded/7 2018-q2-update/bin/../lib/gcc/arm-none-eabi/7.3.1/../../../../arm-none-eabi/lib/thumb/v7-ar\libc.a(lib_a-writer.o)
                              c:/program files (x86)/gnu tools arm embedded/7 2018-q2-update/bin/../lib/gcc/arm-none-eabi/7.3.1/../../../../arm-none-eabi/lib/thumb/v7-ar\libc.a(lib_a-stdio.o) (_write_r)
c:/program files (x86)/gnu tools arm embedded/7 2018-q2-update/bin/../lib/gcc/arm-none-eabi/7.3.1/../../../../arm-none-eabi/lib/thumb/v7-ar\libc.a(lib_a-closer.o)
                              c:/program files (x86)/gnu tools arm embedded/7 2018-q2-update/bin/../lib/gcc/arm-none-eabi/7.3.1/../../../../arm-none-eabi/lib/thumb/v7-ar\libc.a(lib_a-stdio.o) (_close_r)
c:/program files (x86)/gnu tools arm embedded/7 2018-q2-update/bin/../lib/gcc/arm-none-eabi/7.3.1/../../../../arm-none-eabi/lib/thumb/v7-ar\libc.a(lib_a-impure.o)
                              c:/program files (x86)/gnu tools arm embedded/7 2018-q2-update/bin/../lib/gcc/arm-none-eabi/7.3.1/../../../../arm-none-eabi/lib/thumb/v7-ar\libc.a(lib_a-sscanf.o) (_impure_ptr)
c:/program files (x86)/gnu tools arm embedded/7 2018-q2-update/bin/../lib/gcc/arm-none-eabi/7.3.1/../../../../arm-none-eabi/lib/thumb/v7-ar\libc.a(lib_a-iswspace.o)
                              c:/program files (x86)/gnu tools arm embedded/7 2018-q2-update/bin/../lib/gcc/arm-none-eabi/7.3.1/../../../../arm-none-eabi/lib/thumb/v7-ar\libc.a(lib_a-svfscanf.o) (iswspace)
c:/program files (x86)/gnu tools arm embedded/7 2018-q2-update/bin/../lib/gcc/arm-none-eabi/7.3.1/../../../../arm-none-eabi/lib/thumb/v7-ar\libc.a(lib_a-locale.o)
                              c:/program files (x86)/gnu tools arm embedded/7 2018-q2-update/bin/../lib/gcc/arm-none-eabi/7.3.1/../../../../arm-none-eabi/lib/thumb/v7-ar\libc.a(lib_a-svfscanf.o) (__locale_mb_cur_max)
c:/program files (x86)/gnu tools arm embedded/7 2018-q2-update/bin/../lib/gcc/arm-none-eabi/7.3.1/../../../../arm-none-eabi/lib/thumb/v7-ar\libc.a(lib_a-localeconv.o)
                              c:/program files (x86)/gnu tools arm embedded/7 2018-q2-update/bin/../lib/gcc/arm-none-eabi/7.3.1/../../../../arm-none-eabi/lib/thumb/v7-ar\libc.a(lib_a-svfscanf.o) (_localeconv_r)
c:/program files (x86)/gnu tools arm embedded/7 2018-q2-update/bin/../lib/gcc/arm-none-eabi/7.3.1/../../../../arm-none-eabi/lib/thumb/v7-ar\libc.a(lib_a-lseekr.o)
                              c:/program files (x86)/gnu tools arm embedded/7 2018-q2-update/bin/../lib/gcc/arm-none-eabi/7.3.1/../../../../arm-none-eabi/lib/thumb/v7-ar\libc.a(lib_a-stdio.o) (_lseek_r)
c:/program files (x86)/gnu tools arm embedded/7 2018-q2-update/bin/../lib/gcc/arm-none-eabi/7.3.1/../../../../arm-none-eabi/lib/thumb/v7-ar\libc.a(lib_a-malloc.o)
                              c:/program files (x86)/gnu tools arm embedded/7 2018-q2-update/bin/../lib/gcc/arm-none-eabi/7.3.1/../../../../arm-none-eabi/lib/thumb/v7-ar\libc.a(lib_a-svfscanf.o) (malloc)
[...]
Memory Configuration

Name             Origin             Length             Attributes
sram             0xfffd0000         0x00010000         xrw
*default*        0x00000000         0xffffffff

Linker script and memory map

LOAD output_Core_0\AHB2PCI_funcs.c.o
LOAD output_Core_0\DDR_Init.c.o
LOAD output_Core_0\GraphicsInit.c.o
LOAD output_Core_0\main.c.o
LOAD output_Core_0\printf.c.o
LOAD output_Core_0\syscalls.c.o
LOAD output_Core_0\TestMsgCore.c.o
LOAD output_Core_0\Utility.c.o
LOAD output_Core_0\startup_CA9.s.o

text_startup    0xfffd0000      0x1d8
 *startup*(.text, .text.*)
 .text.startup  0xfffd0000      0x1d8 output_Core_0\startup_CA9.s.o
                0xfffd0000                _startup
                0xfffd0024                pUndefinedInstructionRoutine
                0xfffd0028                pSvcRoutine
                0xfffd002c                pPrefetchAbortRoutine
                0xfffd0030                pDataAbortRoutine
                0xfffd0038                pIrqRoutine
                0xfffd003c                pFiqRoutine
                0xfffd005c                undefined_instruction_handler
                0xfffd0074                prefetch_abort_handler
                0xfffd008c                data_abort_handler
                0xfffd00a4                svc_handler
                0xfffd00bc                irq_handler
                0xfffd00d4                fiq_handler
                0xfffd00ec                reset_handler
                0xfffd01a8                _exit
 *startup*(.rodata, .rodata*)

text_all_others
                0xfffd01d8     0xb410
 *(.text .text.*)
 .text          0xfffd01d8      0x3d0 output_Core_0\AHB2PCI_funcs.c.o
                0xfffd01d8                AHB2PCI_Config_Read
                0xfffd02d4                AHB2PCI_Config_Write
                0xfffd0414                AHB2PCI_Memory_Read
                0xfffd04cc                AHB2PCI_Memory_Write
 .text          0xfffd05a8     0x3010 output_Core_0\GraphicsInit.c.o
                0xfffd05a8                FB_Initialize
                0xfffd060c                GFX_GetFrameBufferBase
                0xfffd0654                PLL_Configure
                0xfffd08c0                GFX_ConfigureDisplayTo1024x768
                0xfffd1f0c                GFX_ConfigureDisplayTo1920x1200
                0xfffd3580                GFX_ClearMemorySpace
 .text          0xfffd35b8      0x838 output_Core_0\main.c.o
                0xfffd35b8                FiqRoutine
                0xfffd3614                DataAbortRoutine
                0xfffd3674                UndefinedInstructionRoutine
                0xfffd36d8                PrefetchAbortRoutine
                0xfffd3738                SvcRoutine
                0xfffd3798                Check_BMC_PLL
                0xfffd3888                Check_PWRGD_PS
                0xfffd38d0                dumpGFX_InfoRegs
                0xfffd3a94                main_menu
 .text.startup  0xfffd3df0      0x464 output_Core_0\main.c.o
                0xfffd3df0                main
 .text          0xfffd4254      0x42c output_Core_0\printf.c.o
                0xfffd4404                vsnprintf
                0xfffd45d0                snprintf
                0xfffd45f8                vsprintf
                0xfffd4600                sprintf
                0xfffd4610                vprintf
                0xfffd4618                vfprintf
                0xfffd4620                fprintf
                0xfffd4630                printf
                0xfffd4640                puts
                0xfffd4648                fputc
                0xfffd4650                fputs
                0xfffd4658                strlen
 .text          0xfffd4680      0x168 output_Core_0\syscalls.c.o
                0xfffd4680                _sbrk
                0xfffd46d0                link
                0xfffd46d8                _close
                0xfffd46e0                _fstat
                0xfffd46f0                _isatty
                0xfffd46f8                _lseek
                0xfffd4700                _read
                0xfffd4708                _write
                0xfffd4710                abort
                0xfffd4758                exit
 .text          0xfffd47e8      0x7f4 output_Core_0\TestMsgCore.c.o
                0xfffd47e8                Uart_AutoDetect
                0xfffd480c                UartSetNum
                0xfffd482c                UartInit
                0xfffd48c0                TestMsgInit
                0xfffd48c4                UartSendBuff
                0xfffd4928                UartReviceBuff
                0xfffd49e0                UartSendStr
                0xfffd4ab8                LogMessage
                0xfffd4ae0                SetColor
                0xfffd4b2c                LogMessageColor
                0xfffd4b68                LogError
                0xfffd4ba8                LogWarning
                0xfffd4be8                LogTitle
                0xfffd4c28                LogPass
                0xfffd4c68                LogHeader
                0xfffd4cc8                UartSendChar
                0xfffd4d10                UartWaitForEmpty
                0xfffd4d78                KbHit
                0xfffd4da8                GetChar
                0xfffd4dd8                GetString
 .text          0xfffd4fdc      0x568 output_Core_0\Utility.c.o
                0xfffd4fdc                Sleep
                0xfffd5020                Get_MPCore_ID
                0xfffd5028                Get_CPU_ID_CODE
                0xfffd5030                Error
                0xfffd5038                InvalidateCache
                0xfffd5048                MemoryDumpD
                0xfffd509c                MemoryDumpW
                0xfffd5110                MemoryDumpW_Compare
                0xfffd51c8                MemoryDumpB
                0xfffd523c                MemCmp
                0xfffd5280                MemCpy
                0xfffd529c                MemSet
                0xfffd52b0                GetRandSeed
                0xfffd52c0                rand
                0xfffd52ec                SetRandSeed
                0xfffd5300                srand
                0xfffd5314                GetUserParam_HEX_8BIT
                0xfffd53d4                GetUserParam_HEX_32BIT
                0xfffd548c                GetUserParam_INT_32BIT
 *fill*         0xfffd5544        0x4 
 .text          0xfffd5548      0x278 c:/program files (x86)/gnu tools arm embedded/7 2018-q2-update/bin/../lib/gcc/arm-none-eabi/7.3.1/thumb/v7-ar\libgcc.a(_udivsi3.o)
                0xfffd5548                __aeabi_uidiv
                0xfffd5548                __udivsi3
                0xfffd57a4                __aeabi_uidivmod
 .text          0xfffd57c0      0x2b0 c:/program files (x86)/gnu tools arm embedded/7 2018-q2-update/bin/../lib/gcc/arm-none-eabi/7.3.1/thumb/v7-ar\libgcc.a(_divsi3.o)
                0xfffd57c0                __divsi3
                0xfffd57c0                __aeabi_idiv
                0xfffd5a54                __aeabi_idivmod
 .text          0xfffd5a70        0x4 c:/program files (x86)/gnu tools arm embedded/7 2018-q2-update/bin/../lib/gcc/arm-none-eabi/7.3.1/thumb/v7-ar\libgcc.a(_dvmd_tls.o)
                0xfffd5a70                __aeabi_idiv0
                0xfffd5a70                __aeabi_ldiv0
 .text.memset   0xfffd5a74       0x98 c:/program files (x86)/gnu tools arm embedded/7 2018-q2-update/bin/../lib/gcc/arm-none-eabi/7.3.1/../../../../arm-none-eabi/lib/thumb/v7-ar\libc.a(lib_a-memset.o)
                0xfffd5a74                memset
 .text.sscanf   0xfffd5b0c       0x5c c:/program files (x86)/gnu tools arm embedded/7 2018-q2-update/bin/../lib/gcc/arm-none-eabi/7.3.1/../../../../arm-none-eabi/lib/thumb/v7-ar\libc.a(lib_a-sscanf.o)
                0xfffd5b0c                sscanf
 .text.__seofread
                0xfffd5b68        0x4 c:/program files (x86)/gnu tools arm embedded/7 2018-q2-update/bin/../lib/gcc/arm-none-eabi/7.3.1/../../../../arm-none-eabi/lib/thumb/v7-ar\libc.a(lib_a-stdio.o)
                0xfffd5b68                __seofread
 .text.__ssvfscanf_r
                0xfffd5b6c     0x166c c:/program files (x86)/gnu tools arm embedded/7 2018-q2-update/bin/../lib/gcc/arm-none-eabi/7.3.1/../../../../arm-none-eabi/lib/thumb/v7-ar\libc.a(lib_a-svfscanf.o)
                0xfffd5b6c                __ssvfscanf_r
 .text.iswspace
                0xfffd71d8       0x1c c:/program files (x86)/gnu tools arm embedded/7 2018-q2-update/bin/../lib/gcc/arm-none-eabi/7.3.1/../../../../arm-none-eabi/lib/thumb/v7-ar\libc.a(lib_a-iswspace.o)
                0xfffd71d8                iswspace
 .text.__locale_mb_cur_max
                0xfffd71f4       0x20 c:/program files (x86)/gnu tools arm embedded/7 2018-q2-update/bin/../lib/gcc/arm-none-eabi/7.3.1/../../../../arm-none-eabi/lib/thumb/v7-ar\libc.a(lib_a-locale.o)
                0xfffd71f4                __locale_mb_cur_max
 .text.__locale_ctype_ptr_l
                0xfffd7214        0x8 c:/program files (x86)/gnu tools arm embedded/7 2018-q2-update/bin/../lib/gcc/arm-none-eabi/7.3.1/../../../../arm-none-eabi/lib/thumb/v7-ar\libc.a(lib_a-locale.o)
                0xfffd7214                __locale_ctype_ptr_l
 .text.__locale_ctype_ptr
                0xfffd721c       0x20 c:/program files (x86)/gnu tools arm embedded/7 2018-q2-update/bin/../lib/gcc/arm-none-eabi/7.3.1/../../../../arm-none-eabi/lib/thumb/v7-ar\libc.a(lib_a-locale.o)
                0xfffd721c                __locale_ctype_ptr
 .text.__localeconv_l
                0xfffd723c        0x4 c:/program files (x86)/gnu tools arm embedded/7 2018-q2-update/bin/../lib/gcc/arm-none-eabi/7.3.1/../../../../arm-none-eabi/lib/thumb/v7-ar\libc.a(lib_a-localeconv.o)
                0xfffd723c                __localeconv_l
 .text._localeconv_r
                0xfffd7240       0x20 c:/program files (x86)/gnu tools arm embedded/7 2018-q2-update/bin/../lib/gcc/arm-none-eabi/7.3.1/../../../../arm-none-eabi/lib/thumb/v7-ar\libc.a(lib_a-localeconv.o)
                0xfffd7240                _localeconv_r
 .text.malloc   0xfffd7260       0x10 c:/program files (x86)/gnu tools arm embedded/7 2018-q2-update/bin/../lib/gcc/arm-none-eabi/7.3.1/../../../../arm-none-eabi/lib/thumb/v7-ar\libc.a(lib_a-malloc.o)
                0xfffd7260                malloc
 .text.free     0xfffd7270       0x10 c:/program files (x86)/gnu tools arm embedded/7 2018-q2-update/bin/../lib/gcc/arm-none-eabi/7.3.1/../../../../arm-none-eabi/lib/thumb/v7-ar\libc.a(lib_a-malloc.o)
                0xfffd7270                free
 .text._malloc_r
                0xfffd7280      0x580 c:/program files (x86)/gnu tools arm embedded/7 2018-q2-update/bin/../lib/gcc/arm-none-eabi/7.3.1/../../../../arm-none-eabi/lib/thumb/v7-ar\libc.a(lib_a-mallocr.o)
                0xfffd7280                _malloc_r
 .text._mbrtowc_r
                0xfffd7800       0x60 c:/program files (x86)/gnu tools arm embedded/7 2018-q2-update/bin/../lib/gcc/arm-none-eabi/7.3.1/../../../../arm-none-eabi/lib/thumb/v7-ar\libc.a(lib_a-mbrtowc.o)
                0xfffd7800                _mbrtowc_r
 .text.__ascii_mbtowc
                0xfffd7860       0x24 c:/program files (x86)/gnu tools arm embedded/7 2018-q2-update/bin/../lib/gcc/arm-none-eabi/7.3.1/../../../../arm-none-eabi/lib/thumb/v7-ar\libc.a(lib_a-mbtowc_r.o)
                0xfffd7860                __ascii_mbtowc
 .text.__malloc_lock
                0xfffd7884        0xc c:/program files (x86)/gnu tools arm embedded/7 2018-q2-update/bin/../lib/gcc/arm-none-eabi/7.3.1/../../../../arm-none-eabi/lib/thumb/v7-ar\libc.a(lib_a-mlock.o)
                0xfffd7884                __malloc_lock
 .text.__malloc_unlock
                0xfffd7890        0xc c:/program files (x86)/gnu tools arm embedded/7 2018-q2-update/bin/../lib/gcc/arm-none-eabi/7.3.1/../../../../arm-none-eabi/lib/thumb/v7-ar\libc.a(lib_a-mlock.o)
                0xfffd7890                __malloc_unlock
 .text.realloc  0xfffd789c       0x14 c:/program files (x86)/gnu tools arm embedded/7 2018-q2-update/bin/../lib/gcc/arm-none-eabi/7.3.1/../../../../arm-none-eabi/lib/thumb/v7-ar\libc.a(lib_a-realloc.o)
                0xfffd789c                realloc
 .text._realloc_r
                0xfffd78b0      0x35c c:/program files (x86)/gnu tools arm embedded/7 2018-q2-update/bin/../lib/gcc/arm-none-eabi/7.3.1/../../../../arm-none-eabi/lib/thumb/v7-ar\libc.a(lib_a-reallocr.o)
                0xfffd78b0                _realloc_r
 .text._sbrk_r  0xfffd7c0c       0x28 c:/program files (x86)/gnu tools arm embedded/7 2018-q2-update/bin/../lib/gcc/arm-none-eabi/7.3.1/../../../../arm-none-eabi/lib/thumb/v7-ar\libc.a(lib_a-sbrkr.o)
                0xfffd7c0c                _sbrk_r
 .text.__sccl   0xfffd7c34       0x78 c:/program files (x86)/gnu tools arm embedded/7 2018-q2-update/bin/../lib/gcc/arm-none-eabi/7.3.1/../../../../arm-none-eabi/lib/thumb/v7-ar\libc.a(lib_a-sccl.o)
                0xfffd7c34                __sccl
 .text.nanf     0xfffd7cac        0x8 c:/program files (x86)/gnu tools arm embedded/7 2018-q2-update/bin/../lib/gcc/arm-none-eabi/7.3.1/../../../../arm-none-eabi/lib/thumb/v7-ar\libc.a(lib_a-sf_nan.o)
                0xfffd7cac                nanf
 .text.unlikely.sulp
                0xfffd7cb4       0x42 c:/program files (x86)/gnu tools arm embedded/7 2018-q2-update/bin/../lib/gcc/arm-none-eabi/7.3.1/../../../../arm-none-eabi/lib/thumb/v7-ar\libc.a(lib_a-strtod.o)
 *fill*         0xfffd7cf6        0x2 
 .text._strtod_l
                0xfffd7cf8      0xf54 c:/program files (x86)/gnu tools arm embedded/7 2018-q2-update/bin/../lib/gcc/arm-none-eabi/7.3.1/../../../../arm-none-eabi/lib/thumb/v7-ar\libc.a(lib_a-strtod.o)
                0xfffd7cf8                _strtod_l
 .text._strtod_r
                0xfffd8c4c       0x24 c:/program files (x86)/gnu tools arm embedded/7 2018-q2-update/bin/../lib/gcc/arm-none-eabi/7.3.1/../../../../arm-none-eabi/lib/thumb/v7-ar\libc.a(lib_a-strtod.o)
                0xfffd8c4c                _strtod_r
 .text._strtol_l.isra.0
                0xfffd8c70      0x124 c:/program files (x86)/gnu tools arm embedded/7 2018-q2-update/bin/../lib/gcc/arm-none-eabi/7.3.1/../../../../arm-none-eabi/lib/thumb/v7-ar\libc.a(lib_a-strtol.o)
 .text._strtol_r
                0xfffd8d94       0x28 c:/program files (x86)/gnu tools arm embedded/7 2018-q2-update/bin/../lib/gcc/arm-none-eabi/7.3.1/../../../../arm-none-eabi/lib/thumb/v7-ar\libc.a(lib_a-strtol.o)
                0xfffd8d94                _strtol_r
 .text._strtoll_l.isra.0
                0xfffd8dbc      0x198 c:/program files (x86)/gnu tools arm embedded/7 2018-q2-update/bin/../lib/gcc/arm-none-eabi/7.3.1/../../../../arm-none-eabi/lib/thumb/v7-ar\libc.a(lib_a-strtoll.o)
 .text._strtoll_r
                0xfffd8f54       0x28 c:/program files (x86)/gnu tools arm embedded/7 2018-q2-update/bin/../lib/gcc/arm-none-eabi/7.3.1/../../../../arm-none-eabi/lib/thumb/v7-ar\libc.a(lib_a-strtoll.o)
                0xfffd8f54                _strtoll_r
 .text._strtoul_l.isra.0
                0xfffd8f7c      0x14c c:/program files (x86)/gnu tools arm embedded/7 2018-q2-update/bin/../lib/gcc/arm-none-eabi/7.3.1/../../../../arm-none-eabi/lib/thumb/v7-ar\libc.a(lib_a-strtoul.o)
 .text._strtoul_r
                0xfffd90c8       0x28 c:/program files (x86)/gnu tools arm embedded/7 2018-q2-update/bin/../lib/gcc/arm-none-eabi/7.3.1/../../../../arm-none-eabi/lib/thumb/v7-ar\libc.a(lib_a-strtoul.o)
                0xfffd90c8                _strtoul_r
 .text._strtoull_l.isra.0
                0xfffd90f0      0x1b4 c:/program files (x86)/gnu tools arm embedded/7 2018-q2-update/bin/../lib/gcc/arm-none-eabi/7.3.1/../../../../arm-none-eabi/lib/thumb/v7-ar\libc.a(lib_a-strtoull.o)
 .text._strtoull_r
                0xfffd92a4       0x28 c:/program files (x86)/gnu tools arm embedded/7 2018-q2-update/bin/../lib/gcc/arm-none-eabi/7.3.1/../../../../arm-none-eabi/lib/thumb/v7-ar\libc.a(lib_a-strtoull.o)
                0xfffd92a4                _strtoull_r
 .text._sungetc_r
                0xfffd92cc       0x7c c:/program files (x86)/gnu tools arm embedded/7 2018-q2-update/bin/../lib/gcc/arm-none-eabi/7.3.1/../../../../arm-none-eabi/lib/thumb/v7-ar\libc.a(lib_a-svfiscanf.o)
                0xfffd92cc                _sungetc_r
 .text.__ssrefill_r
                0xfffd9348       0x3c c:/program files (x86)/gnu tools arm embedded/7 2018-q2-update/bin/../lib/gcc/arm-none-eabi/7.3.1/../../../../arm-none-eabi/lib/thumb/v7-ar\libc.a(lib_a-svfiscanf.o)
                0xfffd9348                __ssrefill_r
 .text._sfread_r
                0xfffd9384       0x80 c:/program files (x86)/gnu tools arm embedded/7 2018-q2-update/bin/../lib/gcc/arm-none-eabi/7.3.1/../../../../arm-none-eabi/lib/thumb/v7-ar\libc.a(lib_a-svfiscanf.o)
                0xfffd9384                _sfread_r
 .text.__submore
                0xfffd9404       0x78 c:/program files (x86)/gnu tools arm embedded/7 2018-q2-update/bin/../lib/gcc/arm-none-eabi/7.3.1/../../../../arm-none-eabi/lib/thumb/v7-ar\libc.a(lib_a-ungetc.o)
                0xfffd9404                __submore
 .text.__ascii_wctomb
                0xfffd947c       0x18 c:/program files (x86)/gnu tools arm embedded/7 2018-q2-update/bin/../lib/gcc/arm-none-eabi/7.3.1/../../../../arm-none-eabi/lib/thumb/v7-ar\libc.a(lib_a-wctomb_r.o)
                0xfffd947c                __ascii_wctomb
 .text._malloc_trim_r
                0xfffd9494       0xac c:/program files (x86)/gnu tools arm embedded/7 2018-q2-update/bin/../lib/gcc/arm-none-eabi/7.3.1/../../../../arm-none-eabi/lib/thumb/v7-ar\libc.a(lib_a-freer.o)
                0xfffd9494                _malloc_trim_r
 .text._free_r  0xfffd9540      0x1ec c:/program files (x86)/gnu tools arm embedded/7 2018-q2-update/bin/../lib/gcc/arm-none-eabi/7.3.1/../../../../arm-none-eabi/lib/thumb/v7-ar\libc.a(lib_a-freer.o)
                0xfffd9540                _free_r
 .text.rshift   0xfffd972c       0xb0 c:/program files (x86)/gnu tools arm embedded/7 2018-q2-update/bin/../lib/gcc/arm-none-eabi/7.3.1/../../../../arm-none-eabi/lib/thumb/v7-ar\libc.a(lib_a-gdtoa-gethex.o)
 .text.__gethex
                0xfffd97dc      0x53c c:/program files (x86)/gnu tools arm embedded/7 2018-q2-update/bin/../lib/gcc/arm-none-eabi/7.3.1/../../../../arm-none-eabi/lib/thumb/v7-ar\libc.a(lib_a-gdtoa-gethex.o)
                0xfffd97dc                __gethex
 .text.__match  0xfffd9d18       0x30 c:/program files (x86)/gnu tools arm embedded/7 2018-q2-update/bin/../lib/gcc/arm-none-eabi/7.3.1/../../../../arm-none-eabi/lib/thumb/v7-ar\libc.a(lib_a-gdtoa-hexnan.o)
                0xfffd9d18                __match
 .text.__hexnan
                0xfffd9d48      0x190 c:/program files (x86)/gnu tools arm embedded/7 2018-q2-update/bin/../lib/gcc/arm-none-eabi/7.3.1/../../../../arm-none-eabi/lib/thumb/v7-ar\libc.a(lib_a-gdtoa-hexnan.o)
                0xfffd9d48                __hexnan
 .text.__retarget_lock_acquire_recursive
                0xfffd9ed8        0x4 c:/program files (x86)/gnu tools arm embedded/7 2018-q2-update/bin/../lib/gcc/arm-none-eabi/7.3.1/../../../../arm-none-eabi/lib/thumb/v7-ar\libc.a(lib_a-lock.o)
                0xfffd9ed8                __retarget_lock_acquire_recursive
 .text.__retarget_lock_release_recursive
                0xfffd9edc        0x4 c:/program files (x86)/gnu tools arm embedded/7 2018-q2-update/bin/../lib/gcc/arm-none-eabi/7.3.1/../../../../arm-none-eabi/lib/thumb/v7-ar\libc.a(lib_a-lock.o)
                0xfffd9edc                __retarget_lock_release_recursive
 .text          0xfffd9ee0       0xec c:/program files (x86)/gnu tools arm embedded/7 2018-q2-update/bin/../lib/gcc/arm-none-eabi/7.3.1/../../../../arm-none-eabi/lib/thumb/v7-ar\libc.a(lib_a-memcpy.o)
                0xfffd9ee0                memcpy
 .text.memmove  0xfffd9fcc       0xc8 c:/program files (x86)/gnu tools arm embedded/7 2018-q2-update/bin/../lib/gcc/arm-none-eabi/7.3.1/../../../../arm-none-eabi/lib/thumb/v7-ar\libc.a(lib_a-memmove.o)
                0xfffd9fcc                memmove
 .text._Balloc  0xfffda094       0x4c c:/program files (x86)/gnu tools arm embedded/7 2018-q2-update/bin/../lib/gcc/arm-none-eabi/7.3.1/../../../../arm-none-eabi/lib/thumb/v7-ar\libc.a(lib_a-mprec.o)
                0xfffda094                _Balloc
 .text._Bfree   0xfffda0e0       0x14 c:/program files (x86)/gnu tools arm embedded/7 2018-q2-update/bin/../lib/gcc/arm-none-eabi/7.3.1/../../../../arm-none-eabi/lib/thumb/v7-ar\libc.a(lib_a-mprec.o)
                0xfffda0e0                _Bfree
 .text.__multadd
                0xfffda0f4       0x88 c:/program files (x86)/gnu tools arm embedded/7 2018-q2-update/bin/../lib/gcc/arm-none-eabi/7.3.1/../../../../arm-none-eabi/lib/thumb/v7-ar\libc.a(lib_a-mprec.o)
                0xfffda0f4                __multadd
 .text.__s2b    0xfffda17c       0x98 c:/program files (x86)/gnu tools arm embedded/7 2018-q2-update/bin/../lib/gcc/arm-none-eabi/7.3.1/../../../../arm-none-eabi/lib/thumb/v7-ar\libc.a(lib_a-mprec.o)
                0xfffda17c                __s2b
 .text.__hi0bits
                0xfffda214       0x3c c:/program files (x86)/gnu tools arm embedded/7 2018-q2-update/bin/../lib/gcc/arm-none-eabi/7.3.1/../../../../arm-none-eabi/lib/thumb/v7-ar\libc.a(lib_a-mprec.o)
                0xfffda214                __hi0bits
 .text.__lo0bits
                0xfffda250       0x5c c:/program files (x86)/gnu tools arm embedded/7 2018-q2-update/bin/../lib/gcc/arm-none-eabi/7.3.1/../../../../arm-none-eabi/lib/thumb/v7-ar\libc.a(lib_a-mprec.o)
                0xfffda250                __lo0bits
 .text.__i2b    0xfffda2ac       0x14 c:/program files (x86)/gnu tools arm embedded/7 2018-q2-update/bin/../lib/gcc/arm-none-eabi/7.3.1/../../../../arm-none-eabi/lib/thumb/v7-ar\libc.a(lib_a-mprec.o)
                0xfffda2ac                __i2b
 .text.__multiply
                0xfffda2c0      0x158 c:/program files (x86)/gnu tools arm embedded/7 2018-q2-update/bin/../lib/gcc/arm-none-eabi/7.3.1/../../../../arm-none-eabi/lib/thumb/v7-ar\libc.a(lib_a-mprec.o)
                0xfffda2c0                __multiply
 .text.__pow5mult
                0xfffda418       0xa4 c:/program files (x86)/gnu tools arm embedded/7 2018-q2-update/bin/../lib/gcc/arm-none-eabi/7.3.1/../../../../arm-none-eabi/lib/thumb/v7-ar\libc.a(lib_a-mprec.o)
                0xfffda418                __pow5mult
 .text.__lshift
                0xfffda4bc       0xb8 c:/program files (x86)/gnu tools arm embedded/7 2018-q2-update/bin/../lib/gcc/arm-none-eabi/7.3.1/../../../../arm-none-eabi/lib/thumb/v7-ar\libc.a(lib_a-mprec.o)
                0xfffda4bc                __lshift
 .text.__mcmp   0xfffda574       0x38 c:/program files (x86)/gnu tools arm embedded/7 2018-q2-update/bin/../lib/gcc/arm-none-eabi/7.3.1/../../../../arm-none-eabi/lib/thumb/v7-ar\libc.a(lib_a-mprec.o)
                0xfffda574                __mcmp
 .text.__mdiff  0xfffda5ac      0x108 c:/program files (x86)/gnu tools arm embedded/7 2018-q2-update/bin/../lib/gcc/arm-none-eabi/7.3.1/../../../../arm-none-eabi/lib/thumb/v7-ar\libc.a(lib_a-mprec.o)
                0xfffda5ac                __mdiff
 .text.__ulp    0xfffda6b4       0x44 c:/program files (x86)/gnu tools arm embedded/7 2018-q2-update/bin/../lib/gcc/arm-none-eabi/7.3.1/../../../../arm-none-eabi/lib/thumb/v7-ar\libc.a(lib_a-mprec.o)
                0xfffda6b4                __ulp
 .text.__b2d    0xfffda6f8       0xc0 c:/program files (x86)/gnu tools arm embedded/7 2018-q2-update/bin/../lib/gcc/arm-none-eabi/7.3.1/../../../../arm-none-eabi/lib/thumb/v7-ar\libc.a(lib_a-mprec.o)
                0xfffda6f8                __b2d
 .text.__d2b    0xfffda7b8       0xac c:/program files (x86)/gnu tools arm embedded/7 2018-q2-update/bin/../lib/gcc/arm-none-eabi/7.3.1/../../../../arm-none-eabi/lib/thumb/v7-ar\libc.a(lib_a-mprec.o)
                0xfffda7b8                __d2b
 .text.__ratio  0xfffda864       0x68 c:/program files (x86)/gnu tools arm embedded/7 2018-q2-update/bin/../lib/gcc/arm-none-eabi/7.3.1/../../../../arm-none-eabi/lib/thumb/v7-ar\libc.a(lib_a-mprec.o)
                0xfffda864                __ratio
 .text.__copybits
                0xfffda8cc       0x48 c:/program files (x86)/gnu tools arm embedded/7 2018-q2-update/bin/../lib/gcc/arm-none-eabi/7.3.1/../../../../arm-none-eabi/lib/thumb/v7-ar\libc.a(lib_a-mprec.o)
                0xfffda8cc                __copybits
 .text.__any_on
                0xfffda914       0x58 c:/program files (x86)/gnu tools arm embedded/7 2018-q2-update/bin/../lib/gcc/arm-none-eabi/7.3.1/../../../../arm-none-eabi/lib/thumb/v7-ar\libc.a(lib_a-mprec.o)
                0xfffda914                __any_on
 .text.strncmp  0xfffda96c       0x94 c:/program files (x86)/gnu tools arm embedded/7 2018-q2-update/bin/../lib/gcc/arm-none-eabi/7.3.1/../../../../arm-none-eabi/lib/thumb/v7-ar\libc.a(lib_a-strncmp.o)
                0xfffda96c                strncmp
 .text._calloc_r
                0xfffdaa00       0x60 c:/program files (x86)/gnu tools arm embedded/7 2018-q2-update/bin/../lib/gcc/arm-none-eabi/7.3.1/../../../../arm-none-eabi/lib/thumb/v7-ar\libc.a(lib_a-callocr.o)
                0xfffdaa00                _calloc_r
 .text          0xfffdaa60      0x378 c:/program files (x86)/gnu tools arm embedded/7 2018-q2-update/bin/../lib/gcc/arm-none-eabi/7.3.1/thumb/v7-ar\libgcc.a(_arm_addsubdf3.o)
                0xfffdaa60                __aeabi_drsub
                0xfffdaa68                __aeabi_dsub
                0xfffdaa68                __subdf3
                0xfffdaa6c                __aeabi_dadd
                0xfffdaa6c                __adddf3
                0xfffdace4                __floatunsidf
                0xfffdace4                __aeabi_ui2d
                0xfffdad04                __floatsidf
                0xfffdad04                __aeabi_i2d
                0xfffdad28                __aeabi_f2d
                0xfffdad28                __extendsfdf2
                0xfffdad6c                __floatundidf
                0xfffdad6c                __aeabi_ul2d
                0xfffdad7c                __floatdidf
                0xfffdad7c                __aeabi_l2d
 .text          0xfffdadd8      0x424 c:/program files (x86)/gnu tools arm embedded/7 2018-q2-update/bin/../lib/gcc/arm-none-eabi/7.3.1/thumb/v7-ar\libgcc.a(_arm_muldivdf3.o)
                0xfffdadd8                __aeabi_dmul
                0xfffdadd8                __muldf3
                0xfffdb02c                __divdf3
                0xfffdb02c                __aeabi_ddiv
 .text          0xfffdb1fc      0x110 c:/program files (x86)/gnu tools arm embedded/7 2018-q2-update/bin/../lib/gcc/arm-none-eabi/7.3.1/thumb/v7-ar\libgcc.a(_arm_cmpdf2.o)
                0xfffdb1fc                __gtdf2
                0xfffdb1fc                __gedf2
                0xfffdb204                __ltdf2
                0xfffdb204                __ledf2
                0xfffdb20c                __nedf2
                0xfffdb20c                __eqdf2
                0xfffdb20c                __cmpdf2
                0xfffdb288                __aeabi_cdrcmple
                0xfffdb298                __aeabi_cdcmpeq
                0xfffdb298                __aeabi_cdcmple
                0xfffdb2a8                __aeabi_dcmpeq
                0xfffdb2bc                __aeabi_dcmplt
                0xfffdb2d0                __aeabi_dcmple
                0xfffdb2e4                __aeabi_dcmpge
                0xfffdb2f8                __aeabi_dcmpgt
 .text          0xfffdb30c       0x2c c:/program files (x86)/gnu tools arm embedded/7 2018-q2-update/bin/../lib/gcc/arm-none-eabi/7.3.1/thumb/v7-ar\libgcc.a(_arm_unorddf2.o)
                0xfffdb30c                __unorddf2
                0xfffdb30c                __aeabi_dcmpun
 .text          0xfffdb338       0x50 c:/program files (x86)/gnu tools arm embedded/7 2018-q2-update/bin/../lib/gcc/arm-none-eabi/7.3.1/thumb/v7-ar\libgcc.a(_arm_fixdfsi.o)
                0xfffdb338                __aeabi_d2iz
                0xfffdb338                __fixdfsi
 .text          0xfffdb388       0x40 c:/program files (x86)/gnu tools arm embedded/7 2018-q2-update/bin/../lib/gcc/arm-none-eabi/7.3.1/thumb/v7-ar\libgcc.a(_arm_fixunsdfsi.o)
                0xfffdb388                __aeabi_d2uiz
                0xfffdb388                __fixunsdfsi
 .text          0xfffdb3c8       0xa0 c:/program files (x86)/gnu tools arm embedded/7 2018-q2-update/bin/../lib/gcc/arm-none-eabi/7.3.1/thumb/v7-ar\libgcc.a(_arm_truncdfsf2.o)
                0xfffdb3c8                __truncdfsf2
                0xfffdb3c8                __aeabi_d2f
 .text          0xfffdb468       0x30 c:/program files (x86)/gnu tools arm embedded/7 2018-q2-update/bin/../lib/gcc/arm-none-eabi/7.3.1/thumb/v7-ar\libgcc.a(_aeabi_uldivmod.o)
                0xfffdb468                __aeabi_uldivmod
 .text          0xfffdb498      0x144 c:/program files (x86)/gnu tools arm embedded/7 2018-q2-update/bin/../lib/gcc/arm-none-eabi/7.3.1/thumb/v7-ar\libgcc.a(_udivmoddi4.o)
                0xfffdb498                __udivmoddi4
 *fill*         0xfffdb5dc        0x4 
 .text.__stub   0xfffdb5e0        0x8 linker stubs

rodata          0xfffdb5e8     0x1c3c
 *(.rodata .rodata*)
 .rodata.str1.1
                0xfffdb5e8      0x387 output_Core_0\AHB2PCI_funcs.c.o
 .rodata.str1.1
                0xfffdb96f      0x3da output_Core_0\GraphicsInit.c.o
 *fill*         0xfffdbd49        0x3 
 .rodata        0xfffdbd4c      0x5b9 output_Core_0\main.c.o
                0xfffdbdc4                GFXI_Regs
 .rodata.str1.1
                0xfffdc305      0xa04 output_Core_0\main.c.o
                                0xa10 (size before relaxing)
 .rodata.str1.1
                0xfffdcd09       0x6c output_Core_0\syscalls.c.o
                                 0xa4 (size before relaxing)
 .rodata        0xfffdcd75       0x3a output_Core_0\TestMsgCore.c.o
                0xfffdcd75                pErrorMsg
 .rodata.str1.1
                0xfffdcdaf       0x44 output_Core_0\TestMsgCore.c.o
                                 0x7b (size before relaxing)
 .rodata.str1.1
                0xfffdcdf3       0x90 output_Core_0\Utility.c.o
                                 0x92 (size before relaxing)
 *fill*         0xfffdce83        0x1 
 .rodata.__ssvfscanf_r.str1.4
                0xfffdce84        0x5 c:/program files (x86)/gnu tools arm embedded/7 2018-q2-update/bin/../lib/gcc/arm-none-eabi/7.3.1/../../../../arm-none-eabi/lib/thumb/v7-ar\libc.a(lib_a-svfscanf.o)
 *fill*         0xfffdce89        0x3 
 .rodata.basefix.7392
                0xfffdce8c       0x22 c:/program files (x86)/gnu tools arm embedded/7 2018-q2-update/bin/../lib/gcc/arm-none-eabi/7.3.1/../../../../arm-none-eabi/lib/thumb/v7-ar\libc.a(lib_a-svfscanf.o)
 *fill*         0xfffdceae        0x2 
 .rodata._setlocale_r.str1.4
                0xfffdceb0        0xa c:/program files (x86)/gnu tools arm embedded/7 2018-q2-update/bin/../lib/gcc/arm-none-eabi/7.3.1/../../../../arm-none-eabi/lib/thumb/v7-ar\libc.a(lib_a-locale.o)
                                  0xd (size before relaxing)
 *fill*         0xfffdceba        0x2 
 .rodata.str1.4
                0xfffdcebc        0x2 c:/program files (x86)/gnu tools arm embedded/7 2018-q2-update/bin/../lib/gcc/arm-none-eabi/7.3.1/../../../../arm-none-eabi/lib/thumb/v7-ar\libc.a(lib_a-locale.o)
 .rodata._mbrtowc_r.str1.4
                0xfffdcebe        0x1 c:/program files (x86)/gnu tools arm embedded/7 2018-q2-update/bin/../lib/gcc/arm-none-eabi/7.3.1/../../../../arm-none-eabi/lib/thumb/v7-ar\libc.a(lib_a-mbrtowc.o)
 *fill*         0xfffdcebe        0x2 
 .rodata._strtod_l.str1.4
                0xfffdcec0       0x10 c:/program files (x86)/gnu tools arm embedded/7 2018-q2-update/bin/../lib/gcc/arm-none-eabi/7.3.1/../../../../arm-none-eabi/lib/thumb/v7-ar\libc.a(lib_a-strtod.o)
                                  0xf (size before relaxing)
 .rodata.fpi.6172
                0xfffdced0       0x14 c:/program files (x86)/gnu tools arm embedded/7 2018-q2-update/bin/../lib/gcc/arm-none-eabi/7.3.1/../../../../arm-none-eabi/lib/thumb/v7-ar\libc.a(lib_a-strtod.o)
 .rodata.fpinan.6208
                0xfffdcee4       0x14 c:/program files (x86)/gnu tools arm embedded/7 2018-q2-update/bin/../lib/gcc/arm-none-eabi/7.3.1/../../../../arm-none-eabi/lib/thumb/v7-ar\libc.a(lib_a-strtod.o)
 .rodata.tinytens
                0xfffdcef8       0x28 c:/program files (x86)/gnu tools arm embedded/7 2018-q2-update/bin/../lib/gcc/arm-none-eabi/7.3.1/../../../../arm-none-eabi/lib/thumb/v7-ar\libc.a(lib_a-strtod.o)
 .rodata._ctype_
                0xfffdcf20      0x101 c:/program files (x86)/gnu tools arm embedded/7 2018-q2-update/bin/../lib/gcc/arm-none-eabi/7.3.1/../../../../arm-none-eabi/lib/thumb/v7-ar\libc.a(lib_a-ctype_.o)
                0xfffdcf20                _ctype_
 *fill*         0xfffdd021        0x3 
 .rodata.__hexdig
                0xfffdd024      0x100 c:/program files (x86)/gnu tools arm embedded/7 2018-q2-update/bin/../lib/gcc/arm-none-eabi/7.3.1/../../../../arm-none-eabi/lib/thumb/v7-ar\libc.a(lib_a-gdtoa-gethex.o)
                0xfffdd024                __hexdig
 *fill*         0xfffdd124        0x4 
 .rodata.__mprec_bigtens
                0xfffdd128       0x28 c:/program files (x86)/gnu tools arm embedded/7 2018-q2-update/bin/../lib/gcc/arm-none-eabi/7.3.1/../../../../arm-none-eabi/lib/thumb/v7-ar\libc.a(lib_a-mprec.o)
                0xfffdd128                __mprec_bigtens
 .rodata.__mprec_tens
                0xfffdd150       0xc8 c:/program files (x86)/gnu tools arm embedded/7 2018-q2-update/bin/../lib/gcc/arm-none-eabi/7.3.1/../../../../arm-none-eabi/lib/thumb/v7-ar\libc.a(lib_a-mprec.o)
                0xfffdd150                __mprec_tens
 .rodata.p05.6092
                0xfffdd218        0xc c:/program files (x86)/gnu tools arm embedded/7 2018-q2-update/bin/../lib/gcc/arm-none-eabi/7.3.1/../../../../arm-none-eabi/lib/thumb/v7-ar\libc.a(lib_a-mprec.o)
 *(.glue_7t .glue_7)
 .glue_7        0xfffdd224        0x0 linker stubs
 .glue_7t       0xfffdd224        0x0 linker stubs
 *(.gnu.linkonce.r.* .gnu.linkonce.t.*)

.vfp11_veneer   0xfffdd224        0x0
 .vfp11_veneer  0xfffdd224        0x0 linker stubs

.v4_bx          0xfffdd224        0x0
 .v4_bx         0xfffdd224        0x0 linker stubs

.iplt           0xfffdd224        0x0
 .iplt          0xfffdd224        0x0 output_Core_0\AHB2PCI_funcs.c.o

.igot.plt       0xfffdd224        0x0
 .igot.plt      0xfffdd224        0x0 output_Core_0\AHB2PCI_funcs.c.o

.got            0xfffdd224       0x38
 .got           0xfffdd224       0x38 output_Core_0\AHB2PCI_funcs.c.o

.got.plt        0xfffdd25c        0xc
 .got.plt       0xfffdd25c        0xc output_Core_0\AHB2PCI_funcs.c.o
                0xfffdd25c                _GLOBAL_OFFSET_TABLE_

ARM.extab
 *(.ARM.extab*)
 *(.gnu.linkonce.armextab.*)

ARM.exidx       0xfffdd268        0x8
                0xfffdd268                __exidx_start = .
 *(.ARM.exidx*)
 .ARM.exidx     0xfffdd268        0x8 c:/program files (x86)/gnu tools arm embedded/7 2018-q2-update/bin/../lib/gcc/arm-none-eabi/7.3.1/thumb/v7-ar\libgcc.a(_udivmoddi4.o)
 *(.gnu.linkonce.armexidx.*)
                0xfffdd270                __exidx_end = .

.rel.dyn        0xfffdd270        0x0
 .rel.iplt      0xfffdd270        0x0 output_Core_0\AHB2PCI_funcs.c.o
 .rel.got       0xfffdd270        0x0 output_Core_0\AHB2PCI_funcs.c.o
                0xfffdd270                . = ALIGN (0x4)
                0xfffdd270                _etext = ABSOLUTE (.)
                0xfffdd270                _sidata = ABSOLUTE (.)

data            0xfffdd270      0x9c4
                0xfffdd270                . = ALIGN (0x4)
                0xfffdd270                _sdata = ABSOLUTE (.)
                0x00000001                ASSERT ((_sidata == _sdata), Error: in RAM compilation, _sidata and _sdata should be equal.)
 *(.data)
 .data          0xfffdd270       0x14 output_Core_0\GraphicsInit.c.o
                0xfffdd270                FB_BaseAddresses
 .data          0xfffdd284        0x4 output_Core_0\Utility.c.o
 *(.data.*)
 .data._impure_ptr
                0xfffdd288        0x4 c:/program files (x86)/gnu tools arm embedded/7 2018-q2-update/bin/../lib/gcc/arm-none-eabi/7.3.1/../../../../arm-none-eabi/lib/thumb/v7-ar\libc.a(lib_a-impure.o)
                0xfffdd288                _impure_ptr
 *fill*         0xfffdd28c        0x4 
 .data.impure_data
                0xfffdd290      0x428 c:/program files (x86)/gnu tools arm embedded/7 2018-q2-update/bin/../lib/gcc/arm-none-eabi/7.3.1/../../../../arm-none-eabi/lib/thumb/v7-ar\libc.a(lib_a-impure.o)
 .data.__global_locale
                0xfffdd6b8      0x16c c:/program files (x86)/gnu tools arm embedded/7 2018-q2-update/bin/../lib/gcc/arm-none-eabi/7.3.1/../../../../arm-none-eabi/lib/thumb/v7-ar\libc.a(lib_a-locale.o)
                0xfffdd6b8                __global_locale
 .data.__malloc_av_
                0xfffdd824      0x408 c:/program files (x86)/gnu tools arm embedded/7 2018-q2-update/bin/../lib/gcc/arm-none-eabi/7.3.1/../../../../arm-none-eabi/lib/thumb/v7-ar\libc.a(lib_a-mallocr.o)
                0xfffdd824                __malloc_av_
 .data.__malloc_sbrk_base
                0xfffddc2c        0x4 c:/program files (x86)/gnu tools arm embedded/7 2018-q2-update/bin/../lib/gcc/arm-none-eabi/7.3.1/../../../../arm-none-eabi/lib/thumb/v7-ar\libc.a(lib_a-mallocr.o)
                0xfffddc2c                __malloc_sbrk_base
 .data.__malloc_trim_threshold
                0xfffddc30        0x4 c:/program files (x86)/gnu tools arm embedded/7 2018-q2-update/bin/../lib/gcc/arm-none-eabi/7.3.1/../../../../arm-none-eabi/lib/thumb/v7-ar\libc.a(lib_a-mallocr.o)
                0xfffddc30                __malloc_trim_threshold
                0xfffddc34                . = ALIGN (0x4)
                0xfffddc34                _edata = ABSOLUTE (.)

bss             0xfffddc34      0x190
                0xfffddc34                . = ALIGN (0x4)
                0xfffddc34                __bss_start__ = ABSOLUTE (.)
 *(.bss)
 .bss           0xfffddc34        0x4 output_Core_0\GraphicsInit.c.o
                0xfffddc34                MGABASE1
 .bss           0xfffddc38        0x4 output_Core_0\syscalls.c.o
 .bss           0xfffddc3c      0x100 output_Core_0\TestMsgCore.c.o
 *(.bss.*)
 .bss.__malloc_current_mallinfo
                0xfffddd3c       0x28 c:/program files (x86)/gnu tools arm embedded/7 2018-q2-update/bin/../lib/gcc/arm-none-eabi/7.3.1/../../../../arm-none-eabi/lib/thumb/v7-ar\libc.a(lib_a-mallocr.o)
                0xfffddd3c                __malloc_current_mallinfo
 .bss.__malloc_max_sbrked_mem
                0xfffddd64        0x4 c:/program files (x86)/gnu tools arm embedded/7 2018-q2-update/bin/../lib/gcc/arm-none-eabi/7.3.1/../../../../arm-none-eabi/lib/thumb/v7-ar\libc.a(lib_a-mallocr.o)
                0xfffddd64                __malloc_max_sbrked_mem
 .bss.__malloc_max_total_mem
                0xfffddd68        0x4 c:/program files (x86)/gnu tools arm embedded/7 2018-q2-update/bin/../lib/gcc/arm-none-eabi/7.3.1/../../../../arm-none-eabi/lib/thumb/v7-ar\libc.a(lib_a-mallocr.o)
                0xfffddd68                __malloc_max_total_mem
 .bss.__malloc_top_pad
                0xfffddd6c        0x4 c:/program files (x86)/gnu tools arm embedded/7 2018-q2-update/bin/../lib/gcc/arm-none-eabi/7.3.1/../../../../arm-none-eabi/lib/thumb/v7-ar\libc.a(lib_a-mallocr.o)
                0xfffddd6c                __malloc_top_pad
 *(COMMON)
 COMMON         0xfffddd70        0x8 output_Core_0\AHB2PCI_funcs.c.o
                0xfffddd70                AHB2PCI_IsLogEnable_g
                0xfffddd74                i
 COMMON         0xfffddd78        0x8 output_Core_0\GraphicsInit.c.o
                0xfffddd78                GFX_IsPllDebug_g
                0xfffddd7c                FB_BA
 COMMON         0xfffddd80       0x18 output_Core_0\main.c.o
                0xfffddd80                CPU_ID
                0xfffddd84                PLL1_Freq_In_KHz
                0xfffddd88                PLL0_Freq_In_KHz
                0xfffddd8c                codestartup
                0xfffddd90                PLL2_Freq_In_KHz
                0xfffddd94                CPU_ID_CODE
 COMMON         0xfffddd98        0x4 output_Core_0\TestMsgCore.c.o
                0xfffddd98                UART_NUM_g
 COMMON         0xfffddd9c        0x4 c:/program files (x86)/gnu tools arm embedded/7 2018-q2-update/bin/../lib/gcc/arm-none-eabi/7.3.1/../../../../arm-none-eabi/lib/thumb/v7-ar\libc.a(lib_a-reent.o)
                0xfffddd9c                errno
 COMMON         0xfffddda0       0x21 c:/program files (x86)/gnu tools arm embedded/7 2018-q2-update/bin/../lib/gcc/arm-none-eabi/7.3.1/../../../../arm-none-eabi/lib/thumb/v7-ar\libc.a(lib_a-lock.o)
                0xfffddda0                __lock___atexit_recursive_mutex
                0xfffddda4                __lock___arc4random_mutex
                0xfffddda8                __lock___env_recursive_mutex
                0xfffdddac                __lock___sinit_recursive_mutex
                0xfffdddb0                __lock___malloc_recursive_mutex
                0xfffdddb4                __lock___at_quick_exit_mutex
                0xfffdddb8                __lock___dd_hash_mutex
                0xfffdddbc                __lock___tz_mutex
                0xfffdddc0                __lock___sfp_recursive_mutex
                0xfffdddc4                . = ALIGN (0x4)
 *fill*         0xfffdddc1        0x3 
                0xfffdddc4                __bss_end__ = ABSOLUTE (.)

stack           0xfffdddc4     0x1000
                0xfffdddc4                . = ALIGN (0x4)
                0xfffdddc4                __StackLimit = ABSOLUTE (.)
                0x00001000                __StackSize = 0x1000
                0x00000001                ASSERT ((__StackSize >= 0x1000), Error: Stack size is less then the minimume required.)
                0x00001000                . = (. + __StackSize)
 *fill*         0xfffdddc4     0x1000 
                0xfffdedc4                __StackTop = ABSOLUTE (.)
                0xfffdedc4                . = ALIGN (0x4)
                0xfffdedc4                end = ABSOLUTE (.)
START GROUP
LOAD c:/program files (x86)/gnu tools arm embedded/7 2018-q2-update/bin/../lib/gcc/arm-none-eabi/7.3.1/thumb/v7-ar\libgcc.a
LOAD c:/program files (x86)/gnu tools arm embedded/7 2018-q2-update/bin/../lib/gcc/arm-none-eabi/7.3.1/../../../../arm-none-eabi/lib/thumb/v7-ar\libc.a
END GROUP
OUTPUT(output_Core_0\TestMsg_Core_0.elf elf32-littlearm)

.debug_info     0x00000000     0x8939
 .debug_info    0x00000000      0x322 output_Core_0\AHB2PCI_funcs.c.o
 .debug_info    0x00000322     0x31c6 output_Core_0\GraphicsInit.c.o
 .debug_info    0x000034e8     0x13fa output_Core_0\main.c.o
 .debug_info    0x000048e2      0xfcb output_Core_0\printf.c.o
 .debug_info    0x000058ad      0xd85 output_Core_0\syscalls.c.o
 .debug_info    0x00006632     0x11da output_Core_0\TestMsgCore.c.o
 .debug_info    0x0000780c     0x1107 output_Core_0\Utility.c.o
 .debug_info    0x00008913       0x26 output_Core_0\startup_CA9.s.o

.debug_abbrev   0x00000000     0x148b
 .debug_abbrev  0x00000000      0x11a output_Core_0\AHB2PCI_funcs.c.o
 .debug_abbrev  0x0000011a      0x363 output_Core_0\GraphicsInit.c.o
 .debug_abbrev  0x0000047d      0x375 output_Core_0\main.c.o
 .debug_abbrev  0x000007f2      0x342 output_Core_0\printf.c.o
 .debug_abbrev  0x00000b34      0x255 output_Core_0\syscalls.c.o
 .debug_abbrev  0x00000d89      0x3ea output_Core_0\TestMsgCore.c.o
 .debug_abbrev  0x00001173      0x304 output_Core_0\Utility.c.o
 .debug_abbrev  0x00001477       0x14 output_Core_0\startup_CA9.s.o

.debug_loc      0x00000000     0x23e7
 .debug_loc     0x00000000      0x67a output_Core_0\AHB2PCI_funcs.c.o
 .debug_loc     0x0000067a      0x3d1 output_Core_0\GraphicsInit.c.o
 .debug_loc     0x00000a4b      0x37b output_Core_0\main.c.o
 .debug_loc     0x00000dc6      0x9ba output_Core_0\printf.c.o
 .debug_loc     0x00001780      0x147 output_Core_0\syscalls.c.o
 .debug_loc     0x000018c7      0x3d8 output_Core_0\TestMsgCore.c.o
 .debug_loc     0x00001c9f      0x748 output_Core_0\Utility.c.o

.debug_aranges  0x00000000      0x108
 .debug_aranges
                0x00000000       0x20 output_Core_0\AHB2PCI_funcs.c.o
 .debug_aranges
                0x00000020       0x20 output_Core_0\GraphicsInit.c.o
 .debug_aranges
                0x00000040       0x28 output_Core_0\main.c.o
 .debug_aranges
                0x00000068       0x20 output_Core_0\printf.c.o
 .debug_aranges
                0x00000088       0x20 output_Core_0\syscalls.c.o
 .debug_aranges
                0x000000a8       0x20 output_Core_0\TestMsgCore.c.o
 .debug_aranges
                0x000000c8       0x20 output_Core_0\Utility.c.o
 .debug_aranges
                0x000000e8       0x20 output_Core_0\startup_CA9.s.o

.debug_line     0x00000000     0x159d
 .debug_line    0x00000000      0x116 output_Core_0\AHB2PCI_funcs.c.o
 .debug_line    0x00000116      0x515 output_Core_0\GraphicsInit.c.o
 .debug_line    0x0000062b      0x388 output_Core_0\main.c.o
 .debug_line    0x000009b3      0x29a output_Core_0\printf.c.o
 .debug_line    0x00000c4d      0x25c output_Core_0\syscalls.c.o
 .debug_line    0x00000ea9      0x349 output_Core_0\TestMsgCore.c.o
 .debug_line    0x000011f2      0x2f8 output_Core_0\Utility.c.o
 .debug_line    0x000014ea       0xb3 output_Core_0\startup_CA9.s.o

.debug_str      0x00000000     0x1025
 .debug_str     0x00000000      0x225 output_Core_0\AHB2PCI_funcs.c.o
                                0x248 (size before relaxing)
 .debug_str     0x00000225      0x5fd output_Core_0\GraphicsInit.c.o
                                0x81d (size before relaxing)
 .debug_str     0x00000822      0x21f output_Core_0\main.c.o
                                0x913 (size before relaxing)
 .debug_str     0x00000a41       0xe2 output_Core_0\printf.c.o
                                0x673 (size before relaxing)
 .debug_str     0x00000b23      0x170 output_Core_0\syscalls.c.o
                                0x738 (size before relaxing)
 .debug_str     0x00000c93      0x1ce output_Core_0\TestMsgCore.c.o
                                0x7ed (size before relaxing)
 .debug_str     0x00000e61      0x1a8 output_Core_0\Utility.c.o
                                0x7bc (size before relaxing)
 .debug_str     0x00001009       0x1c output_Core_0\startup_CA9.s.o
                                 0x4e (size before relaxing)

.comment        0x00000000       0x7f
 .comment       0x00000000       0x7f output_Core_0\AHB2PCI_funcs.c.o
                                 0x80 (size before relaxing)
 .comment       0x0000007f       0x80 output_Core_0\GraphicsInit.c.o
 .comment       0x0000007f       0x80 output_Core_0\main.c.o
 .comment       0x0000007f       0x80 output_Core_0\printf.c.o
 .comment       0x0000007f       0x80 output_Core_0\syscalls.c.o
 .comment       0x0000007f       0x80 output_Core_0\TestMsgCore.c.o
 .comment       0x0000007f       0x80 output_Core_0\Utility.c.o

.ARM.attributes
                0x00000000       0x37
 .ARM.attributes
                0x00000000       0x39 output_Core_0\AHB2PCI_funcs.c.o
 .ARM.attributes
                0x00000039       0x39 output_Core_0\GraphicsInit.c.o
 .ARM.attributes
                0x00000072       0x39 output_Core_0\main.c.o
 .ARM.attributes
                0x000000ab       0x39 output_Core_0\printf.c.o
 .ARM.attributes
                0x000000e4       0x39 output_Core_0\syscalls.c.o
 .ARM.attributes
                0x0000011d       0x39 output_Core_0\TestMsgCore.c.o
 .ARM.attributes
                0x00000156       0x39 output_Core_0\Utility.c.o
 .ARM.attributes
                0x0000018f       0x27 output_Core_0\startup_CA9.s.o
 .ARM.attributes
                0x000001b6       0x19 c:/program files (x86)/gnu tools arm embedded/7 2018-q2-update/bin/../lib/gcc/arm-none-eabi/7.3.1/thumb/v7-ar\libgcc.a(_udivsi3.o)
 .ARM.attributes
                0x000001cf       0x19 c:/program files (x86)/gnu tools arm embedded/7 2018-q2-update/bin/../lib/gcc/arm-none-eabi/7.3.1/thumb/v7-ar\libgcc.a(_divsi3.o)
 .ARM.attributes
                0x000001e8       0x19 c:/program files (x86)/gnu tools arm embedded/7 2018-q2-update/bin/../lib/gcc/arm-none-eabi/7.3.1/thumb/v7-ar\libgcc.a(_dvmd_tls.o)
 .ARM.attributes
                0x00000201       0x29 c:/program files (x86)/gnu tools arm embedded/7 2018-q2-update/bin/../lib/gcc/arm-none-eabi/7.3.1/../../../../arm-none-eabi/lib/thumb/v7-ar\libc.a(lib_a-memset.o)
 .ARM.attributes
                0x0000022a       0x29 c:/program files (x86)/gnu tools arm embedded/7 2018-q2-update/bin/../lib/gcc/arm-none-eabi/7.3.1/../../../../arm-none-eabi/lib/thumb/v7-ar\libc.a(lib_a-sscanf.o)
 .ARM.attributes
                0x00000253       0x29 c:/program files (x86)/gnu tools arm embedded/7 2018-q2-update/bin/../lib/gcc/arm-none-eabi/7.3.1/../../../../arm-none-eabi/lib/thumb/v7-ar\libc.a(lib_a-stdio.o)
 .ARM.attributes
                0x0000027c       0x29 c:/program files (x86)/gnu tools arm embedded/7 2018-q2-update/bin/../lib/gcc/arm-none-eabi/7.3.1/../../../../arm-none-eabi/lib/thumb/v7-ar\libc.a(lib_a-svfscanf.o)
 .ARM.attributes
                0x000002a5       0x29 c:/program files (x86)/gnu tools arm embedded/7 2018-q2-update/bin/../lib/gcc/arm-none-eabi/7.3.1/../../../../arm-none-eabi/lib/thumb/v7-ar\libc.a(lib_a-impure.o)
 .ARM.attributes
                0x000002ce       0x29 c:/program files (x86)/gnu tools arm embedded/7 2018-q2-update/bin/../lib/gcc/arm-none-eabi/7.3.1/../../../../arm-none-eabi/lib/thumb/v7-ar\libc.a(lib_a-iswspace.o)
 .ARM.attributes
                0x000002f7       0x29 c:/program files (x86)/gnu tools arm embedded/7 2018-q2-update/bin/../lib/gcc/arm-none-eabi/7.3.1/../../../../arm-none-eabi/lib/thumb/v7-ar\libc.a(lib_a-locale.o)
 .ARM.attributes
                0x00000320       0x29 c:/program files (x86)/gnu tools arm embedded/7 2018-q2-update/bin/../lib/gcc/arm-none-eabi/7.3.1/../../../../arm-none-eabi/lib/thumb/v7-ar\libc.a(lib_a-localeconv.o)
 .ARM.attributes
                0x00000349       0x29 c:/program files (x86)/gnu tools arm embedded/7 2018-q2-update/bin/../lib/gcc/arm-none-eabi/7.3.1/../../../../arm-none-eabi/lib/thumb/v7-ar\libc.a(lib_a-malloc.o)
 .ARM.attributes
                0x00000372       0x29 c:/program files (x86)/gnu tools arm embedded/7 2018-q2-update/bin/../lib/gcc/arm-none-eabi/7.3.1/../../../../arm-none-eabi/lib/thumb/v7-ar\libc.a(lib_a-mallocr.o)
 .ARM.attributes
                0x0000039b       0x29 c:/program files (x86)/gnu tools arm embedded/7 2018-q2-update/bin/../lib/gcc/arm-none-eabi/7.3.1/../../../../arm-none-eabi/lib/thumb/v7-ar\libc.a(lib_a-mbrtowc.o)
 .ARM.attributes
                0x000003c4       0x29 c:/program files (x86)/gnu tools arm embedded/7 2018-q2-update/bin/../lib/gcc/arm-none-eabi/7.3.1/../../../../arm-none-eabi/lib/thumb/v7-ar\libc.a(lib_a-mbtowc_r.o)
 .ARM.attributes
                0x000003ed       0x29 c:/program files (x86)/gnu tools arm embedded/7 2018-q2-update/bin/../lib/gcc/arm-none-eabi/7.3.1/../../../../arm-none-eabi/lib/thumb/v7-ar\libc.a(lib_a-mlock.o)
 .ARM.attributes
                0x00000416       0x29 c:/program files (x86)/gnu tools arm embedded/7 2018-q2-update/bin/../lib/gcc/arm-none-eabi/7.3.1/../../../../arm-none-eabi/lib/thumb/v7-ar\libc.a(lib_a-realloc.o)
 .ARM.attributes
                0x0000043f       0x29 c:/program files (x86)/gnu tools arm embedded/7 2018-q2-update/bin/../lib/gcc/arm-none-eabi/7.3.1/../../../../arm-none-eabi/lib/thumb/v7-ar\libc.a(lib_a-reallocr.o)
 .ARM.attributes
                0x00000468       0x29 c:/program files (x86)/gnu tools arm embedded/7 2018-q2-update/bin/../lib/gcc/arm-none-eabi/7.3.1/../../../../arm-none-eabi/lib/thumb/v7-ar\libc.a(lib_a-reent.o)
 .ARM.attributes
                0x00000491       0x29 c:/program files (x86)/gnu tools arm embedded/7 2018-q2-update/bin/../lib/gcc/arm-none-eabi/7.3.1/../../../../arm-none-eabi/lib/thumb/v7-ar\libc.a(lib_a-sbrkr.o)
 .ARM.attributes
                0x000004ba       0x29 c:/program files (x86)/gnu tools arm embedded/7 2018-q2-update/bin/../lib/gcc/arm-none-eabi/7.3.1/../../../../arm-none-eabi/lib/thumb/v7-ar\libc.a(lib_a-sccl.o)
 .ARM.attributes
                0x000004e3       0x29 c:/program files (x86)/gnu tools arm embedded/7 2018-q2-update/bin/../lib/gcc/arm-none-eabi/7.3.1/../../../../arm-none-eabi/lib/thumb/v7-ar\libc.a(lib_a-sf_nan.o)
 .ARM.attributes
                0x0000050c       0x29 c:/program files (x86)/gnu tools arm embedded/7 2018-q2-update/bin/../lib/gcc/arm-none-eabi/7.3.1/../../../../arm-none-eabi/lib/thumb/v7-ar\libc.a(lib_a-strtod.o)
 .ARM.attributes
                0x00000535       0x29 c:/program files (x86)/gnu tools arm embedded/7 2018-q2-update/bin/../lib/gcc/arm-none-eabi/7.3.1/../../../../arm-none-eabi/lib/thumb/v7-ar\libc.a(lib_a-strtol.o)
 .ARM.attributes
                0x0000055e       0x29 c:/program files (x86)/gnu tools arm embedded/7 2018-q2-update/bin/../lib/gcc/arm-none-eabi/7.3.1/../../../../arm-none-eabi/lib/thumb/v7-ar\libc.a(lib_a-strtoll.o)
 .ARM.attributes
                0x00000587       0x29 c:/program files (x86)/gnu tools arm embedded/7 2018-q2-update/bin/../lib/gcc/arm-none-eabi/7.3.1/../../../../arm-none-eabi/lib/thumb/v7-ar\libc.a(lib_a-strtoul.o)
 .ARM.attributes
                0x000005b0       0x29 c:/program files (x86)/gnu tools arm embedded/7 2018-q2-update/bin/../lib/gcc/arm-none-eabi/7.3.1/../../../../arm-none-eabi/lib/thumb/v7-ar\libc.a(lib_a-strtoull.o)
 .ARM.attributes
                0x000005d9       0x29 c:/program files (x86)/gnu tools arm embedded/7 2018-q2-update/bin/../lib/gcc/arm-none-eabi/7.3.1/../../../../arm-none-eabi/lib/thumb/v7-ar\libc.a(lib_a-svfiscanf.o)
 .ARM.attributes
                0x00000602       0x29 c:/program files (x86)/gnu tools arm embedded/7 2018-q2-update/bin/../lib/gcc/arm-none-eabi/7.3.1/../../../../arm-none-eabi/lib/thumb/v7-ar\libc.a(lib_a-ungetc.o)
 .ARM.attributes
                0x0000062b       0x29 c:/program files (x86)/gnu tools arm embedded/7 2018-q2-update/bin/../lib/gcc/arm-none-eabi/7.3.1/../../../../arm-none-eabi/lib/thumb/v7-ar\libc.a(lib_a-wctomb_r.o)
 .ARM.attributes
                0x00000654       0x29 c:/program files (x86)/gnu tools arm embedded/7 2018-q2-update/bin/../lib/gcc/arm-none-eabi/7.3.1/../../../../arm-none-eabi/lib/thumb/v7-ar\libc.a(lib_a-ctype_.o)
 .ARM.attributes
                0x0000067d       0x29 c:/program files (x86)/gnu tools arm embedded/7 2018-q2-update/bin/../lib/gcc/arm-none-eabi/7.3.1/../../../../arm-none-eabi/lib/thumb/v7-ar\libc.a(lib_a-freer.o)
 .ARM.attributes
                0x000006a6       0x29 c:/program files (x86)/gnu tools arm embedded/7 2018-q2-update/bin/../lib/gcc/arm-none-eabi/7.3.1/../../../../arm-none-eabi/lib/thumb/v7-ar\libc.a(lib_a-gdtoa-gethex.o)
 .ARM.attributes
                0x000006cf       0x29 c:/program files (x86)/gnu tools arm embedded/7 2018-q2-update/bin/../lib/gcc/arm-none-eabi/7.3.1/../../../../arm-none-eabi/lib/thumb/v7-ar\libc.a(lib_a-gdtoa-hexnan.o)
 .ARM.attributes
                0x000006f8       0x29 c:/program files (x86)/gnu tools arm embedded/7 2018-q2-update/bin/../lib/gcc/arm-none-eabi/7.3.1/../../../../arm-none-eabi/lib/thumb/v7-ar\libc.a(lib_a-lock.o)
 .ARM.attributes
                0x00000721       0x17 c:/program files (x86)/gnu tools arm embedded/7 2018-q2-update/bin/../lib/gcc/arm-none-eabi/7.3.1/../../../../arm-none-eabi/lib/thumb/v7-ar\libc.a(lib_a-memcpy.o)
 .ARM.attributes
                0x00000738       0x29 c:/program files (x86)/gnu tools arm embedded/7 2018-q2-update/bin/../lib/gcc/arm-none-eabi/7.3.1/../../../../arm-none-eabi/lib/thumb/v7-ar\libc.a(lib_a-memmove.o)
 .ARM.attributes
                0x00000761       0x29 c:/program files (x86)/gnu tools arm embedded/7 2018-q2-update/bin/../lib/gcc/arm-none-eabi/7.3.1/../../../../arm-none-eabi/lib/thumb/v7-ar\libc.a(lib_a-mprec.o)
 .ARM.attributes
                0x0000078a       0x29 c:/program files (x86)/gnu tools arm embedded/7 2018-q2-update/bin/../lib/gcc/arm-none-eabi/7.3.1/../../../../arm-none-eabi/lib/thumb/v7-ar\libc.a(lib_a-strncmp.o)
 .ARM.attributes
                0x000007b3       0x29 c:/program files (x86)/gnu tools arm embedded/7 2018-q2-update/bin/../lib/gcc/arm-none-eabi/7.3.1/../../../../arm-none-eabi/lib/thumb/v7-ar\libc.a(lib_a-callocr.o)
 .ARM.attributes
                0x000007dc       0x19 c:/program files (x86)/gnu tools arm embedded/7 2018-q2-update/bin/../lib/gcc/arm-none-eabi/7.3.1/thumb/v7-ar\libgcc.a(_arm_addsubdf3.o)
 .ARM.attributes
                0x000007f5       0x19 c:/program files (x86)/gnu tools arm embedded/7 2018-q2-update/bin/../lib/gcc/arm-none-eabi/7.3.1/thumb/v7-ar\libgcc.a(_arm_muldivdf3.o)
 .ARM.attributes
                0x0000080e       0x19 c:/program files (x86)/gnu tools arm embedded/7 2018-q2-update/bin/../lib/gcc/arm-none-eabi/7.3.1/thumb/v7-ar\libgcc.a(_arm_cmpdf2.o)
 .ARM.attributes
                0x00000827       0x19 c:/program files (x86)/gnu tools arm embedded/7 2018-q2-update/bin/../lib/gcc/arm-none-eabi/7.3.1/thumb/v7-ar\libgcc.a(_arm_unorddf2.o)
 .ARM.attributes
                0x00000840       0x19 c:/program files (x86)/gnu tools arm embedded/7 2018-q2-update/bin/../lib/gcc/arm-none-eabi/7.3.1/thumb/v7-ar\libgcc.a(_arm_fixdfsi.o)
 .ARM.attributes
                0x00000859       0x19 c:/program files (x86)/gnu tools arm embedded/7 2018-q2-update/bin/../lib/gcc/arm-none-eabi/7.3.1/thumb/v7-ar\libgcc.a(_arm_fixunsdfsi.o)
 .ARM.attributes
                0x00000872       0x19 c:/program files (x86)/gnu tools arm embedded/7 2018-q2-update/bin/../lib/gcc/arm-none-eabi/7.3.1/thumb/v7-ar\libgcc.a(_arm_truncdfsf2.o)
 .ARM.attributes
                0x0000088b       0x19 c:/program files (x86)/gnu tools arm embedded/7 2018-q2-update/bin/../lib/gcc/arm-none-eabi/7.3.1/thumb/v7-ar\libgcc.a(_aeabi_uldivmod.o)
 .ARM.attributes
                0x000008a4       0x29 c:/program files (x86)/gnu tools arm embedded/7 2018-q2-update/bin/../lib/gcc/arm-none-eabi/7.3.1/thumb/v7-ar\libgcc.a(_udivmoddi4.o)

.debug_frame    0x00000000     0x1bd4
 .debug_frame   0x00000000       0x84 output_Core_0\AHB2PCI_funcs.c.o
 .debug_frame   0x00000084       0xc8 output_Core_0\GraphicsInit.c.o
 .debug_frame   0x0000014c      0x160 output_Core_0\main.c.o
 .debug_frame   0x000002ac      0x194 output_Core_0\printf.c.o
 .debug_frame   0x00000440       0xc0 output_Core_0\syscalls.c.o
 .debug_frame   0x00000500      0x2b0 output_Core_0\TestMsgCore.c.o
 .debug_frame   0x000007b0      0x1f8 output_Core_0\Utility.c.o
 .debug_frame   0x000009a8       0x20 c:/program files (x86)/gnu tools arm embedded/7 2018-q2-update/bin/../lib/gcc/arm-none-eabi/7.3.1/thumb/v7-ar\libgcc.a(_udivsi3.o)
 .debug_frame   0x000009c8       0x20 c:/program files (x86)/gnu tools arm embedded/7 2018-q2-update/bin/../lib/gcc/arm-none-eabi/7.3.1/thumb/v7-ar\libgcc.a(_divsi3.o)
 .debug_frame   0x000009e8       0x38 c:/program files (x86)/gnu tools arm embedded/7 2018-q2-update/bin/../lib/gcc/arm-none-eabi/7.3.1/../../../../arm-none-eabi/lib/thumb/v7-ar\libc.a(lib_a-memset.o)
 .debug_frame   0x00000a20       0x80 c:/program files (x86)/gnu tools arm embedded/7 2018-q2-update/bin/../lib/gcc/arm-none-eabi/7.3.1/../../../../arm-none-eabi/lib/thumb/v7-ar\libc.a(lib_a-sscanf.o)
 .debug_frame   0x00000aa0       0x88 c:/program files (x86)/gnu tools arm embedded/7 2018-q2-update/bin/../lib/gcc/arm-none-eabi/7.3.1/../../../../arm-none-eabi/lib/thumb/v7-ar\libc.a(lib_a-stdio.o)
 .debug_frame   0x00000b28       0x48 c:/program files (x86)/gnu tools arm embedded/7 2018-q2-update/bin/../lib/gcc/arm-none-eabi/7.3.1/../../../../arm-none-eabi/lib/thumb/v7-ar\libc.a(lib_a-svfscanf.o)
 .debug_frame   0x00000b70       0x28 c:/program files (x86)/gnu tools arm embedded/7 2018-q2-update/bin/../lib/gcc/arm-none-eabi/7.3.1/../../../../arm-none-eabi/lib/thumb/v7-ar\libc.a(lib_a-iswspace.o)
 .debug_frame   0x00000b98       0x6c c:/program files (x86)/gnu tools arm embedded/7 2018-q2-update/bin/../lib/gcc/arm-none-eabi/7.3.1/../../../../arm-none-eabi/lib/thumb/v7-ar\libc.a(lib_a-locale.o)
 .debug_frame   0x00000c04       0x40 c:/program files (x86)/gnu tools arm embedded/7 2018-q2-update/bin/../lib/gcc/arm-none-eabi/7.3.1/../../../../arm-none-eabi/lib/thumb/v7-ar\libc.a(lib_a-localeconv.o)
 .debug_frame   0x00000c44       0x30 c:/program files (x86)/gnu tools arm embedded/7 2018-q2-update/bin/../lib/gcc/arm-none-eabi/7.3.1/../../../../arm-none-eabi/lib/thumb/v7-ar\libc.a(lib_a-malloc.o)
 .debug_frame   0x00000c74       0x60 c:/program files (x86)/gnu tools arm embedded/7 2018-q2-update/bin/../lib/gcc/arm-none-eabi/7.3.1/../../../../arm-none-eabi/lib/thumb/v7-ar\libc.a(lib_a-mallocr.o)
 .debug_frame   0x00000cd4       0x60 c:/program files (x86)/gnu tools arm embedded/7 2018-q2-update/bin/../lib/gcc/arm-none-eabi/7.3.1/../../../../arm-none-eabi/lib/thumb/v7-ar\libc.a(lib_a-mbrtowc.o)
 .debug_frame   0x00000d34       0x48 c:/program files (x86)/gnu tools arm embedded/7 2018-q2-update/bin/../lib/gcc/arm-none-eabi/7.3.1/../../../../arm-none-eabi/lib/thumb/v7-ar\libc.a(lib_a-mbtowc_r.o)
 .debug_frame   0x00000d7c       0x30 c:/program files (x86)/gnu tools arm embedded/7 2018-q2-update/bin/../lib/gcc/arm-none-eabi/7.3.1/../../../../arm-none-eabi/lib/thumb/v7-ar\libc.a(lib_a-mlock.o)
 .debug_frame   0x00000dac       0x20 c:/program files (x86)/gnu tools arm embedded/7 2018-q2-update/bin/../lib/gcc/arm-none-eabi/7.3.1/../../../../arm-none-eabi/lib/thumb/v7-ar\libc.a(lib_a-realloc.o)
 .debug_frame   0x00000dcc       0x54 c:/program files (x86)/gnu tools arm embedded/7 2018-q2-update/bin/../lib/gcc/arm-none-eabi/7.3.1/../../../../arm-none-eabi/lib/thumb/v7-ar\libc.a(lib_a-reallocr.o)
 .debug_frame   0x00000e20       0x68 c:/program files (x86)/gnu tools arm embedded/7 2018-q2-update/bin/../lib/gcc/arm-none-eabi/7.3.1/../../../../arm-none-eabi/lib/thumb/v7-ar\libc.a(lib_a-reent.o)
 .debug_frame   0x00000e88       0x2c c:/program files (x86)/gnu tools arm embedded/7 2018-q2-update/bin/../lib/gcc/arm-none-eabi/7.3.1/../../../../arm-none-eabi/lib/thumb/v7-ar\libc.a(lib_a-sbrkr.o)
 .debug_frame   0x00000eb4       0x40 c:/program files (x86)/gnu tools arm embedded/7 2018-q2-update/bin/../lib/gcc/arm-none-eabi/7.3.1/../../../../arm-none-eabi/lib/thumb/v7-ar\libc.a(lib_a-sccl.o)
 .debug_frame   0x00000ef4       0x20 c:/program files (x86)/gnu tools arm embedded/7 2018-q2-update/bin/../lib/gcc/arm-none-eabi/7.3.1/../../../../arm-none-eabi/lib/thumb/v7-ar\libc.a(lib_a-sf_nan.o)
 .debug_frame   0x00000f14      0x114 c:/program files (x86)/gnu tools arm embedded/7 2018-q2-update/bin/../lib/gcc/arm-none-eabi/7.3.1/../../../../arm-none-eabi/lib/thumb/v7-ar\libc.a(lib_a-strtod.o)
 .debug_frame   0x00001028       0xa4 c:/program files (x86)/gnu tools arm embedded/7 2018-q2-update/bin/../lib/gcc/arm-none-eabi/7.3.1/../../../../arm-none-eabi/lib/thumb/v7-ar\libc.a(lib_a-strtol.o)
 .debug_frame   0x000010cc       0xa4 c:/program files (x86)/gnu tools arm embedded/7 2018-q2-update/bin/../lib/gcc/arm-none-eabi/7.3.1/../../../../arm-none-eabi/lib/thumb/v7-ar\libc.a(lib_a-strtoll.o)
 .debug_frame   0x00001170       0xa4 c:/program files (x86)/gnu tools arm embedded/7 2018-q2-update/bin/../lib/gcc/arm-none-eabi/7.3.1/../../../../arm-none-eabi/lib/thumb/v7-ar\libc.a(lib_a-strtoul.o)
 .debug_frame   0x00001214       0xa4 c:/program files (x86)/gnu tools arm embedded/7 2018-q2-update/bin/../lib/gcc/arm-none-eabi/7.3.1/../../../../arm-none-eabi/lib/thumb/v7-ar\libc.a(lib_a-strtoull.o)
 .debug_frame   0x000012b8       0xb0 c:/program files (x86)/gnu tools arm embedded/7 2018-q2-update/bin/../lib/gcc/arm-none-eabi/7.3.1/../../../../arm-none-eabi/lib/thumb/v7-ar\libc.a(lib_a-svfiscanf.o)
 .debug_frame   0x00001368       0x5c c:/program files (x86)/gnu tools arm embedded/7 2018-q2-update/bin/../lib/gcc/arm-none-eabi/7.3.1/../../../../arm-none-eabi/lib/thumb/v7-ar\libc.a(lib_a-ungetc.o)
 .debug_frame   0x000013c4       0x3c c:/program files (x86)/gnu tools arm embedded/7 2018-q2-update/bin/../lib/gcc/arm-none-eabi/7.3.1/../../../../arm-none-eabi/lib/thumb/v7-ar\libc.a(lib_a-wctomb_r.o)
 .debug_frame   0x00001400       0x80 c:/program files (x86)/gnu tools arm embedded/7 2018-q2-update/bin/../lib/gcc/arm-none-eabi/7.3.1/../../../../arm-none-eabi/lib/thumb/v7-ar\libc.a(lib_a-freer.o)
 .debug_frame   0x00001480       0x68 c:/program files (x86)/gnu tools arm embedded/7 2018-q2-update/bin/../lib/gcc/arm-none-eabi/7.3.1/../../../../arm-none-eabi/lib/thumb/v7-ar\libc.a(lib_a-gdtoa-gethex.o)
 .debug_frame   0x000014e8       0x70 c:/program files (x86)/gnu tools arm embedded/7 2018-q2-update/bin/../lib/gcc/arm-none-eabi/7.3.1/../../../../arm-none-eabi/lib/thumb/v7-ar\libc.a(lib_a-gdtoa-hexnan.o)
 .debug_frame   0x00001558       0xb0 c:/program files (x86)/gnu tools arm embedded/7 2018-q2-update/bin/../lib/gcc/arm-none-eabi/7.3.1/../../../../arm-none-eabi/lib/thumb/v7-ar\libc.a(lib_a-lock.o)
 .debug_frame   0x00001608       0x40 c:/program files (x86)/gnu tools arm embedded/7 2018-q2-update/bin/../lib/gcc/arm-none-eabi/7.3.1/../../../../arm-none-eabi/lib/thumb/v7-ar\libc.a(lib_a-memmove.o)
 .debug_frame   0x00001648      0x268 c:/program files (x86)/gnu tools arm embedded/7 2018-q2-update/bin/../lib/gcc/arm-none-eabi/7.3.1/../../../../arm-none-eabi/lib/thumb/v7-ar\libc.a(lib_a-mprec.o)
 .debug_frame   0x000018b0       0x44 c:/program files (x86)/gnu tools arm embedded/7 2018-q2-update/bin/../lib/gcc/arm-none-eabi/7.3.1/../../../../arm-none-eabi/lib/thumb/v7-ar\libc.a(lib_a-strncmp.o)
 .debug_frame   0x000018f4       0x28 c:/program files (x86)/gnu tools arm embedded/7 2018-q2-update/bin/../lib/gcc/arm-none-eabi/7.3.1/../../../../arm-none-eabi/lib/thumb/v7-ar\libc.a(lib_a-callocr.o)
 .debug_frame   0x0000191c       0xac c:/program files (x86)/gnu tools arm embedded/7 2018-q2-update/bin/../lib/gcc/arm-none-eabi/7.3.1/thumb/v7-ar\libgcc.a(_arm_addsubdf3.o)
 .debug_frame   0x000019c8       0x50 c:/program files (x86)/gnu tools arm embedded/7 2018-q2-update/bin/../lib/gcc/arm-none-eabi/7.3.1/thumb/v7-ar\libgcc.a(_arm_muldivdf3.o)
 .debug_frame   0x00001a18       0xc4 c:/program files (x86)/gnu tools arm embedded/7 2018-q2-update/bin/../lib/gcc/arm-none-eabi/7.3.1/thumb/v7-ar\libgcc.a(_arm_cmpdf2.o)
 .debug_frame   0x00001adc       0x20 c:/program files (x86)/gnu tools arm embedded/7 2018-q2-update/bin/../lib/gcc/arm-none-eabi/7.3.1/thumb/v7-ar\libgcc.a(_arm_unorddf2.o)
 .debug_frame   0x00001afc       0x24 c:/program files (x86)/gnu tools arm embedded/7 2018-q2-update/bin/../lib/gcc/arm-none-eabi/7.3.1/thumb/v7-ar\libgcc.a(_arm_fixdfsi.o)
 .debug_frame   0x00001b20       0x24 c:/program files (x86)/gnu tools arm embedded/7 2018-q2-update/bin/../lib/gcc/arm-none-eabi/7.3.1/thumb/v7-ar\libgcc.a(_arm_fixunsdfsi.o)
 .debug_frame   0x00001b44       0x24 c:/program files (x86)/gnu tools arm embedded/7 2018-q2-update/bin/../lib/gcc/arm-none-eabi/7.3.1/thumb/v7-ar\libgcc.a(_arm_truncdfsf2.o)
 .debug_frame   0x00001b68       0x2c c:/program files (x86)/gnu tools arm embedded/7 2018-q2-update/bin/../lib/gcc/arm-none-eabi/7.3.1/thumb/v7-ar\libgcc.a(_aeabi_uldivmod.o)
 .debug_frame   0x00001b94       0x40 c:/program files (x86)/gnu tools arm embedded/7 2018-q2-update/bin/../lib/gcc/arm-none-eabi/7.3.1/thumb/v7-ar\libgcc.a(_udivmoddi4.o)

.debug_ranges   0x00000000       0x70
 .debug_ranges  0x00000000       0x38 output_Core_0\main.c.o
 .debug_ranges  0x00000038       0x38 output_Core_0\TestMsgCore.c.o

Cross Reference Table

Symbol                                            File
AHB2PCI_Config_Read                               output_Core_0\AHB2PCI_funcs.c.o
                                                  output_Core_0\GraphicsInit.c.o
AHB2PCI_Config_Write                              output_Core_0\AHB2PCI_funcs.c.o
                                                  output_Core_0\GraphicsInit.c.o
AHB2PCI_IsLogEnable_g                             output_Core_0\AHB2PCI_funcs.c.o
AHB2PCI_Memory_Read                               output_Core_0\AHB2PCI_funcs.c.o
                                                  output_Core_0\GraphicsInit.c.o
AHB2PCI_Memory_Write                              output_Core_0\AHB2PCI_funcs.c.o
                                                  output_Core_0\GraphicsInit.c.o
CPU_ID                                            output_Core_0\main.c.o
CPU_ID_CODE                                       output_Core_0\main.c.o
Check_BMC_PLL                                     output_Core_0\main.c.o
Check_PWRGD_PS                                    output_Core_0\main.c.o
DDR_Init                                          output_Core_0\DDR_Init.c.o
DataAbortRoutine                                  output_Core_0\main.c.o
Denali_Ctl_Initialization                         output_Core_0\DDR_Init.c.o
Error                                             output_Core_0\Utility.c.o
FB_BA                                             output_Core_0\GraphicsInit.c.o
FB_BaseAddresses                                  output_Core_0\GraphicsInit.c.o
FB_Initialize                                     output_Core_0\GraphicsInit.c.o
FiqRoutine                                        output_Core_0\main.c.o
GFXI_Regs                                         output_Core_0\main.c.o
GFX_ClearMemorySpace                              output_Core_0\GraphicsInit.c.o
                                                  output_Core_0\main.c.o
GFX_ConfigureDisplayTo1024x768                    output_Core_0\GraphicsInit.c.o
                                                  output_Core_0\main.c.o
GFX_ConfigureDisplayTo1920x1200                   output_Core_0\GraphicsInit.c.o
                                                  output_Core_0\main.c.o
GFX_GetFrameBufferBase                            output_Core_0\GraphicsInit.c.o
GFX_IsPllDebug_g                                  output_Core_0\GraphicsInit.c.o
                                                  output_Core_0\main.c.o
GetChar                                           output_Core_0\TestMsgCore.c.o
GetRandSeed                                       output_Core_0\Utility.c.o
GetString                                         output_Core_0\TestMsgCore.c.o
                                                  output_Core_0\Utility.c.o
GetUserParam_HEX_32BIT                            output_Core_0\Utility.c.o
GetUserParam_HEX_8BIT                             output_Core_0\Utility.c.o
GetUserParam_INT_32BIT                            output_Core_0\Utility.c.o
Get_CPU_ID_CODE                                   output_Core_0\Utility.c.o
Get_MPCore_ID                                     output_Core_0\Utility.c.o
InvalidateCache                                   output_Core_0\Utility.c.o
KbHit                                             output_Core_0\TestMsgCore.c.o
LogError                                          output_Core_0\TestMsgCore.c.o
                                                  output_Core_0\Utility.c.o
                                                  output_Core_0\syscalls.c.o
                                                  output_Core_0\main.c.o
                                                  output_Core_0\GraphicsInit.c.o
                                                  output_Core_0\AHB2PCI_funcs.c.o
LogHeader                                         output_Core_0\TestMsgCore.c.o
                                                  output_Core_0\main.c.o
                                                  output_Core_0\GraphicsInit.c.o
                                                  output_Core_0\DDR_Init.c.o
LogMessage                                        output_Core_0\TestMsgCore.c.o
                                                  output_Core_0\Utility.c.o
                                                  output_Core_0\syscalls.c.o
                                                  output_Core_0\main.c.o
                                                  output_Core_0\GraphicsInit.c.o
                                                  output_Core_0\DDR_Init.c.o
                                                  output_Core_0\AHB2PCI_funcs.c.o
LogMessageColor                                   output_Core_0\TestMsgCore.c.o
LogPass                                           output_Core_0\TestMsgCore.c.o
                                                  output_Core_0\Utility.c.o
                                                  output_Core_0\syscalls.c.o
                                                  output_Core_0\main.c.o
                                                  output_Core_0\GraphicsInit.c.o
                                                  output_Core_0\DDR_Init.c.o
LogTitle                                          output_Core_0\TestMsgCore.c.o
LogWarning                                        output_Core_0\TestMsgCore.c.o
                                                  output_Core_0\Utility.c.o
                                                  output_Core_0\main.c.o
                                                  output_Core_0\GraphicsInit.c.o
                                                  output_Core_0\DDR_Init.c.o
MGABASE1                                          output_Core_0\GraphicsInit.c.o
MemCmp                                            output_Core_0\Utility.c.o
MemCpy                                            output_Core_0\Utility.c.o
MemSet                                            output_Core_0\Utility.c.o
MemoryDumpB                                       output_Core_0\Utility.c.o
MemoryDumpD                                       output_Core_0\Utility.c.o
MemoryDumpW                                       output_Core_0\Utility.c.o
MemoryDumpW_Compare                               output_Core_0\Utility.c.o
PLL0_Freq_In_KHz                                  output_Core_0\main.c.o
PLL1_Freq_In_KHz                                  output_Core_0\main.c.o
PLL2_Freq_In_KHz                                  output_Core_0\main.c.o
PLL_Configure                                     output_Core_0\GraphicsInit.c.o
PrefetchAbortRoutine                              output_Core_0\main.c.o
SetColor                                          output_Core_0\TestMsgCore.c.o
SetRandSeed                                       output_Core_0\Utility.c.o
Sleep                                             output_Core_0\Utility.c.o
                                                  output_Core_0\TestMsgCore.c.o
                                                  output_Core_0\main.c.o
                                                  output_Core_0\GraphicsInit.c.o
                                                  output_Core_0\DDR_Init.c.o
SvcRoutine                                        output_Core_0\main.c.o
TestMsgInit                                       output_Core_0\TestMsgCore.c.o
UART_NUM_g                                        output_Core_0\TestMsgCore.c.o
UartInit                                          output_Core_0\TestMsgCore.c.o
UartReviceBuff                                    output_Core_0\TestMsgCore.c.o
UartSendBuff                                      output_Core_0\TestMsgCore.c.o
UartSendChar                                      output_Core_0\TestMsgCore.c.o
UartSendStr                                       output_Core_0\TestMsgCore.c.o
UartSetNum                                        output_Core_0\TestMsgCore.c.o
UartWaitForEmpty                                  output_Core_0\TestMsgCore.c.o
                                                  output_Core_0\DDR_Init.c.o
Uart_AutoDetect                                   output_Core_0\TestMsgCore.c.o
                                                  output_Core_0\main.c.o
UndefinedInstructionRoutine                       output_Core_0\main.c.o
_Balloc                                           c:/program files (x86)/gnu tools arm embedded/7 2018-q2-update/bin/../lib/gcc/arm-none-eabi/7.3.1/../../../../arm-none-eabi/lib/thumb/v7-ar\libc.a(lib_a-mprec.o)
                                                  c:/program files (x86)/gnu tools arm embedded/7 2018-q2-update/bin/../lib/gcc/arm-none-eabi/7.3.1/../../../../arm-none-eabi/lib/thumb/v7-ar\libc.a(lib_a-gdtoa-gethex.o)
                                                  c:/program files (x86)/gnu tools arm embedded/7 2018-q2-update/bin/../lib/gcc/arm-none-eabi/7.3.1/../../../../arm-none-eabi/lib/thumb/v7-ar\libc.a(lib_a-strtod.o)
_Bfree                                            c:/program files (x86)/gnu tools arm embedded/7 2018-q2-update/bin/../lib/gcc/arm-none-eabi/7.3.1/../../../../arm-none-eabi/lib/thumb/v7-ar\libc.a(lib_a-mprec.o)
                                                  c:/program files (x86)/gnu tools arm embedded/7 2018-q2-update/bin/../lib/gcc/arm-none-eabi/7.3.1/../../../../arm-none-eabi/lib/thumb/v7-ar\libc.a(lib_a-gdtoa-gethex.o)
                                                  c:/program files (x86)/gnu tools arm embedded/7 2018-q2-update/bin/../lib/gcc/arm-none-eabi/7.3.1/../../../../arm-none-eabi/lib/thumb/v7-ar\libc.a(lib_a-strtod.o)
_GLOBAL_OFFSET_TABLE_                             output_Core_0\AHB2PCI_funcs.c.o
                                                  output_Core_0\TestMsgCore.c.o
                                                  output_Core_0\syscalls.c.o
                                                  output_Core_0\main.c.o
                                                  output_Core_0\GraphicsInit.c.o
_PathLocale                                       c:/program files (x86)/gnu tools arm embedded/7 2018-q2-update/bin/../lib/gcc/arm-none-eabi/7.3.1/../../../../arm-none-eabi/lib/thumb/v7-ar\libc.a(lib_a-locale.o)
__StackLimit                                      output_Core_0\startup_CA9.s.o
__StackTop                                        output_Core_0\startup_CA9.s.o
__adddf3                                          c:/program files (x86)/gnu tools arm embedded/7 2018-q2-update/bin/../lib/gcc/arm-none-eabi/7.3.1/thumb/v7-ar\libgcc.a(_arm_addsubdf3.o)
__aeabi_cdcmpeq                                   c:/program files (x86)/gnu tools arm embedded/7 2018-q2-update/bin/../lib/gcc/arm-none-eabi/7.3.1/thumb/v7-ar\libgcc.a(_arm_cmpdf2.o)
__aeabi_cdcmple                                   c:/program files (x86)/gnu tools arm embedded/7 2018-q2-update/bin/../lib/gcc/arm-none-eabi/7.3.1/thumb/v7-ar\libgcc.a(_arm_cmpdf2.o)
__aeabi_cdrcmple                                  c:/program files (x86)/gnu tools arm embedded/7 2018-q2-update/bin/../lib/gcc/arm-none-eabi/7.3.1/thumb/v7-ar\libgcc.a(_arm_cmpdf2.o)
__aeabi_cfcmpeq                                   c:/program files (x86)/gnu tools arm embedded/7 2018-q2-update/bin/../lib/gcc/arm-none-eabi/7.3.1/thumb/v7-ar\libgcc.a(_arm_cmpsf2.o)
__aeabi_cfcmple                                   c:/program files (x86)/gnu tools arm embedded/7 2018-q2-update/bin/../lib/gcc/arm-none-eabi/7.3.1/thumb/v7-ar\libgcc.a(_arm_cmpsf2.o)
__aeabi_cfrcmple                                  c:/program files (x86)/gnu tools arm embedded/7 2018-q2-update/bin/../lib/gcc/arm-none-eabi/7.3.1/thumb/v7-ar\libgcc.a(_arm_cmpsf2.o)
__aeabi_d2f                                       c:/program files (x86)/gnu tools arm embedded/7 2018-q2-update/bin/../lib/gcc/arm-none-eabi/7.3.1/thumb/v7-ar\libgcc.a(_arm_truncdfsf2.o)
                                                  c:/program files (x86)/gnu tools arm embedded/7 2018-q2-update/bin/../lib/gcc/arm-none-eabi/7.3.1/../../../../arm-none-eabi/lib/thumb/v7-ar\libc.a(lib_a-strtod.o)
                                                  c:/program files (x86)/gnu tools arm embedded/7 2018-q2-update/bin/../lib/gcc/arm-none-eabi/7.3.1/../../../../arm-none-eabi/lib/thumb/v7-ar\libc.a(lib_a-svfscanf.o)
__aeabi_d2iz                                      c:/program files (x86)/gnu tools arm embedded/7 2018-q2-update/bin/../lib/gcc/arm-none-eabi/7.3.1/thumb/v7-ar\libgcc.a(_arm_fixdfsi.o)
                                                  c:/program files (x86)/gnu tools arm embedded/7 2018-q2-update/bin/../lib/gcc/arm-none-eabi/7.3.1/../../../../arm-none-eabi/lib/thumb/v7-ar\libc.a(lib_a-strtod.o)
__aeabi_d2uiz                                     c:/program files (x86)/gnu tools arm embedded/7 2018-q2-update/bin/../lib/gcc/arm-none-eabi/7.3.1/thumb/v7-ar\libgcc.a(_arm_fixunsdfsi.o)
                                                  c:/program files (x86)/gnu tools arm embedded/7 2018-q2-update/bin/../lib/gcc/arm-none-eabi/7.3.1/../../../../arm-none-eabi/lib/thumb/v7-ar\libc.a(lib_a-strtod.o)
__aeabi_dadd                                      c:/program files (x86)/gnu tools arm embedded/7 2018-q2-update/bin/../lib/gcc/arm-none-eabi/7.3.1/thumb/v7-ar\libgcc.a(_arm_addsubdf3.o)
                                                  c:/program files (x86)/gnu tools arm embedded/7 2018-q2-update/bin/../lib/gcc/arm-none-eabi/7.3.1/../../../../arm-none-eabi/lib/thumb/v7-ar\libc.a(lib_a-strtod.o)
__aeabi_dcmpeq                                    c:/program files (x86)/gnu tools arm embedded/7 2018-q2-update/bin/../lib/gcc/arm-none-eabi/7.3.1/thumb/v7-ar\libgcc.a(_arm_cmpdf2.o)
                                                  c:/program files (x86)/gnu tools arm embedded/7 2018-q2-update/bin/../lib/gcc/arm-none-eabi/7.3.1/../../../../arm-none-eabi/lib/thumb/v7-ar\libc.a(lib_a-strtod.o)
__aeabi_dcmpge                                    c:/program files (x86)/gnu tools arm embedded/7 2018-q2-update/bin/../lib/gcc/arm-none-eabi/7.3.1/thumb/v7-ar\libgcc.a(_arm_cmpdf2.o)
__aeabi_dcmpgt                                    c:/program files (x86)/gnu tools arm embedded/7 2018-q2-update/bin/../lib/gcc/arm-none-eabi/7.3.1/thumb/v7-ar\libgcc.a(_arm_cmpdf2.o)
                                                  c:/program files (x86)/gnu tools arm embedded/7 2018-q2-update/bin/../lib/gcc/arm-none-eabi/7.3.1/../../../../arm-none-eabi/lib/thumb/v7-ar\libc.a(lib_a-strtod.o)
__aeabi_dcmple                                    c:/program files (x86)/gnu tools arm embedded/7 2018-q2-update/bin/../lib/gcc/arm-none-eabi/7.3.1/thumb/v7-ar\libgcc.a(_arm_cmpdf2.o)
                                                  c:/program files (x86)/gnu tools arm embedded/7 2018-q2-update/bin/../lib/gcc/arm-none-eabi/7.3.1/../../../../arm-none-eabi/lib/thumb/v7-ar\libc.a(lib_a-strtod.o)
__aeabi_dcmplt                                    c:/program files (x86)/gnu tools arm embedded/7 2018-q2-update/bin/../lib/gcc/arm-none-eabi/7.3.1/thumb/v7-ar\libgcc.a(_arm_cmpdf2.o)
                                                  c:/program files (x86)/gnu tools arm embedded/7 2018-q2-update/bin/../lib/gcc/arm-none-eabi/7.3.1/../../../../arm-none-eabi/lib/thumb/v7-ar\libc.a(lib_a-strtod.o)
__aeabi_dcmpun                                    c:/program files (x86)/gnu tools arm embedded/7 2018-q2-update/bin/../lib/gcc/arm-none-eabi/7.3.1/thumb/v7-ar\libgcc.a(_arm_unorddf2.o)
                                                  c:/program files (x86)/gnu tools arm embedded/7 2018-q2-update/bin/../lib/gcc/arm-none-eabi/7.3.1/../../../../arm-none-eabi/lib/thumb/v7-ar\libc.a(lib_a-strtod.o)
                                                  c:/program files (x86)/gnu tools arm embedded/7 2018-q2-update/bin/../lib/gcc/arm-none-eabi/7.3.1/../../../../arm-none-eabi/lib/thumb/v7-ar\libc.a(lib_a-svfscanf.o)
__aeabi_ddiv                                      c:/program files (x86)/gnu tools arm embedded/7 2018-q2-update/bin/../lib/gcc/arm-none-eabi/7.3.1/thumb/v7-ar\libgcc.a(_arm_muldivdf3.o)
                                                  c:/program files (x86)/gnu tools arm embedded/7 2018-q2-update/bin/../lib/gcc/arm-none-eabi/7.3.1/../../../../arm-none-eabi/lib/thumb/v7-ar\libc.a(lib_a-mprec.o)
                                                  c:/program files (x86)/gnu tools arm embedded/7 2018-q2-update/bin/../lib/gcc/arm-none-eabi/7.3.1/../../../../arm-none-eabi/lib/thumb/v7-ar\libc.a(lib_a-strtod.o)
__aeabi_dmul                                      c:/program files (x86)/gnu tools arm embedded/7 2018-q2-update/bin/../lib/gcc/arm-none-eabi/7.3.1/thumb/v7-ar\libgcc.a(_arm_muldivdf3.o)
                                                  c:/program files (x86)/gnu tools arm embedded/7 2018-q2-update/bin/../lib/gcc/arm-none-eabi/7.3.1/../../../../arm-none-eabi/lib/thumb/v7-ar\libc.a(lib_a-mprec.o)
                                                  c:/program files (x86)/gnu tools arm embedded/7 2018-q2-update/bin/../lib/gcc/arm-none-eabi/7.3.1/../../../../arm-none-eabi/lib/thumb/v7-ar\libc.a(lib_a-strtod.o)
__aeabi_drsub                                     c:/program files (x86)/gnu tools arm embedded/7 2018-q2-update/bin/../lib/gcc/arm-none-eabi/7.3.1/thumb/v7-ar\libgcc.a(_arm_addsubdf3.o)
__aeabi_dsub                                      c:/program files (x86)/gnu tools arm embedded/7 2018-q2-update/bin/../lib/gcc/arm-none-eabi/7.3.1/thumb/v7-ar\libgcc.a(_arm_addsubdf3.o)
                                                  c:/program files (x86)/gnu tools arm embedded/7 2018-q2-update/bin/../lib/gcc/arm-none-eabi/7.3.1/../../../../arm-none-eabi/lib/thumb/v7-ar\libc.a(lib_a-strtod.o)
__aeabi_f2d                                       c:/program files (x86)/gnu tools arm embedded/7 2018-q2-update/bin/../lib/gcc/arm-none-eabi/7.3.1/thumb/v7-ar\libgcc.a(_arm_addsubdf3.o)
__aeabi_fcmpeq                                    c:/program files (x86)/gnu tools arm embedded/7 2018-q2-update/bin/../lib/gcc/arm-none-eabi/7.3.1/thumb/v7-ar\libgcc.a(_arm_cmpsf2.o)
__aeabi_fcmpge                                    c:/program files (x86)/gnu tools arm embedded/7 2018-q2-update/bin/../lib/gcc/arm-none-eabi/7.3.1/thumb/v7-ar\libgcc.a(_arm_cmpsf2.o)
__aeabi_fcmpgt                                    c:/program files (x86)/gnu tools arm embedded/7 2018-q2-update/bin/../lib/gcc/arm-none-eabi/7.3.1/thumb/v7-ar\libgcc.a(_arm_cmpsf2.o)
__aeabi_fcmple                                    c:/program files (x86)/gnu tools arm embedded/7 2018-q2-update/bin/../lib/gcc/arm-none-eabi/7.3.1/thumb/v7-ar\libgcc.a(_arm_cmpsf2.o)
                                                  c:/program files (x86)/gnu tools arm embedded/7 2018-q2-update/bin/../lib/gcc/arm-none-eabi/7.3.1/../../../../arm-none-eabi/lib/thumb/v7-ar\libc.a(lib_a-strtod.o)
__aeabi_fcmplt                                    c:/program files (x86)/gnu tools arm embedded/7 2018-q2-update/bin/../lib/gcc/arm-none-eabi/7.3.1/thumb/v7-ar\libgcc.a(_arm_cmpsf2.o)
__aeabi_fcmpun                                    c:/program files (x86)/gnu tools arm embedded/7 2018-q2-update/bin/../lib/gcc/arm-none-eabi/7.3.1/thumb/v7-ar\libgcc.a(_arm_unordsf2.o)
                                                  c:/program files (x86)/gnu tools arm embedded/7 2018-q2-update/bin/../lib/gcc/arm-none-eabi/7.3.1/../../../../arm-none-eabi/lib/thumb/v7-ar\libc.a(lib_a-strtod.o)
__aeabi_i2d                                       c:/program files (x86)/gnu tools arm embedded/7 2018-q2-update/bin/../lib/gcc/arm-none-eabi/7.3.1/thumb/v7-ar\libgcc.a(_arm_addsubdf3.o)
                                                  c:/program files (x86)/gnu tools arm embedded/7 2018-q2-update/bin/../lib/gcc/arm-none-eabi/7.3.1/../../../../arm-none-eabi/lib/thumb/v7-ar\libc.a(lib_a-strtod.o)
__aeabi_idiv                                      c:/program files (x86)/gnu tools arm embedded/7 2018-q2-update/bin/../lib/gcc/arm-none-eabi/7.3.1/thumb/v7-ar\libgcc.a(_divsi3.o)
                                                  output_Core_0\main.c.o
__aeabi_idiv0                                     c:/program files (x86)/gnu tools arm embedded/7 2018-q2-update/bin/../lib/gcc/arm-none-eabi/7.3.1/thumb/v7-ar\libgcc.a(_dvmd_tls.o)
                                                  c:/program files (x86)/gnu tools arm embedded/7 2018-q2-update/bin/../lib/gcc/arm-none-eabi/7.3.1/thumb/v7-ar\libgcc.a(_divsi3.o)
                                                  c:/program files (x86)/gnu tools arm embedded/7 2018-q2-update/bin/../lib/gcc/arm-none-eabi/7.3.1/thumb/v7-ar\libgcc.a(_udivsi3.o)
__aeabi_idivmod                                   c:/program files (x86)/gnu tools arm embedded/7 2018-q2-update/bin/../lib/gcc/arm-none-eabi/7.3.1/thumb/v7-ar\libgcc.a(_divsi3.o)
__aeabi_l2d                                       c:/program files (x86)/gnu tools arm embedded/7 2018-q2-update/bin/../lib/gcc/arm-none-eabi/7.3.1/thumb/v7-ar\libgcc.a(_arm_addsubdf3.o)
__aeabi_ldiv0                                     c:/program files (x86)/gnu tools arm embedded/7 2018-q2-update/bin/../lib/gcc/arm-none-eabi/7.3.1/thumb/v7-ar\libgcc.a(_dvmd_tls.o)
                                                  c:/program files (x86)/gnu tools arm embedded/7 2018-q2-update/bin/../lib/gcc/arm-none-eabi/7.3.1/thumb/v7-ar\libgcc.a(_aeabi_uldivmod.o)
__aeabi_ui2d                                      c:/program files (x86)/gnu tools arm embedded/7 2018-q2-update/bin/../lib/gcc/arm-none-eabi/7.3.1/thumb/v7-ar\libgcc.a(_arm_addsubdf3.o)
                                                  c:/program files (x86)/gnu tools arm embedded/7 2018-q2-update/bin/../lib/gcc/arm-none-eabi/7.3.1/../../../../arm-none-eabi/lib/thumb/v7-ar\libc.a(lib_a-strtod.o)
__aeabi_uidiv                                     c:/program files (x86)/gnu tools arm embedded/7 2018-q2-update/bin/../lib/gcc/arm-none-eabi/7.3.1/thumb/v7-ar\libgcc.a(_udivsi3.o)
                                                  c:/program files (x86)/gnu tools arm embedded/7 2018-q2-update/bin/../lib/gcc/arm-none-eabi/7.3.1/../../../../arm-none-eabi/lib/thumb/v7-ar\libc.a(lib_a-svfiscanf.o)
                                                  c:/program files (x86)/gnu tools arm embedded/7 2018-q2-update/bin/../lib/gcc/arm-none-eabi/7.3.1/../../../../arm-none-eabi/lib/thumb/v7-ar\libc.a(lib_a-strtoul.o)
                                                  output_Core_0\main.c.o
__aeabi_uidivmod                                  c:/program files (x86)/gnu tools arm embedded/7 2018-q2-update/bin/../lib/gcc/arm-none-eabi/7.3.1/thumb/v7-ar\libgcc.a(_udivsi3.o)
                                                  c:/program files (x86)/gnu tools arm embedded/7 2018-q2-update/bin/../lib/gcc/arm-none-eabi/7.3.1/../../../../arm-none-eabi/lib/thumb/v7-ar\libc.a(lib_a-strtoul.o)
                                                  c:/program files (x86)/gnu tools arm embedded/7 2018-q2-update/bin/../lib/gcc/arm-none-eabi/7.3.1/../../../../arm-none-eabi/lib/thumb/v7-ar\libc.a(lib_a-strtol.o)
__aeabi_ul2d                                      c:/program files (x86)/gnu tools arm embedded/7 2018-q2-update/bin/../lib/gcc/arm-none-eabi/7.3.1/thumb/v7-ar\libgcc.a(_arm_addsubdf3.o)
__aeabi_uldivmod                                  c:/program files (x86)/gnu tools arm embedded/7 2018-q2-update/bin/../lib/gcc/arm-none-eabi/7.3.1/thumb/v7-ar\libgcc.a(_aeabi_uldivmod.o)
                                                  c:/program files (x86)/gnu tools arm embedded/7 2018-q2-update/bin/../lib/gcc/arm-none-eabi/7.3.1/../../../../arm-none-eabi/lib/thumb/v7-ar\libc.a(lib_a-strtoull.o)
                                                  c:/program files (x86)/gnu tools arm embedded/7 2018-q2-update/bin/../lib/gcc/arm-none-eabi/7.3.1/../../../../arm-none-eabi/lib/thumb/v7-ar\libc.a(lib_a-strtoll.o)
__any_on                                          c:/program files (x86)/gnu tools arm embedded/7 2018-q2-update/bin/../lib/gcc/arm-none-eabi/7.3.1/../../../../arm-none-eabi/lib/thumb/v7-ar\libc.a(lib_a-mprec.o)
                                                  c:/program files (x86)/gnu tools arm embedded/7 2018-q2-update/bin/../lib/gcc/arm-none-eabi/7.3.1/../../../../arm-none-eabi/lib/thumb/v7-ar\libc.a(lib_a-gdtoa-gethex.o)
__ascii_mbtowc                                    c:/program files (x86)/gnu tools arm embedded/7 2018-q2-update/bin/../lib/gcc/arm-none-eabi/7.3.1/../../../../arm-none-eabi/lib/thumb/v7-ar\libc.a(lib_a-mbtowc_r.o)
                                                  c:/program files (x86)/gnu tools arm embedded/7 2018-q2-update/bin/../lib/gcc/arm-none-eabi/7.3.1/../../../../arm-none-eabi/lib/thumb/v7-ar\libc.a(lib_a-locale.o)
__ascii_wctomb                                    c:/program files (x86)/gnu tools arm embedded/7 2018-q2-update/bin/../lib/gcc/arm-none-eabi/7.3.1/../../../../arm-none-eabi/lib/thumb/v7-ar\libc.a(lib_a-wctomb_r.o)
                                                  c:/program files (x86)/gnu tools arm embedded/7 2018-q2-update/bin/../lib/gcc/arm-none-eabi/7.3.1/../../../../arm-none-eabi/lib/thumb/v7-ar\libc.a(lib_a-locale.o)
__b2d                                             c:/program files (x86)/gnu tools arm embedded/7 2018-q2-update/bin/../lib/gcc/arm-none-eabi/7.3.1/../../../../arm-none-eabi/lib/thumb/v7-ar\libc.a(lib_a-mprec.o)
__bss_end__                                       output_Core_0\startup_CA9.s.o
__bss_start__                                     output_Core_0\startup_CA9.s.o
__cmpdf2                                          c:/program files (x86)/gnu tools arm embedded/7 2018-q2-update/bin/../lib/gcc/arm-none-eabi/7.3.1/thumb/v7-ar\libgcc.a(_arm_cmpdf2.o)
__cmpsf2                                          c:/program files (x86)/gnu tools arm embedded/7 2018-q2-update/bin/../lib/gcc/arm-none-eabi/7.3.1/thumb/v7-ar\libgcc.a(_arm_cmpsf2.o)